MPLINK 5.00, LINKER
Linker Map File - Created Sun Feb 05 08:16:13 2017

                                 Section Info
                  Section       Type    Address   Location Size(Bytes)
                ---------  ---------  ---------  ---------  ---------
               _entry_scn       code   0x000000    program   0x000006
          .idata_usb9.o_i    romdata   0x000006    program   0x000000
           .romdata_hid.o    romdata   0x000006    program   0x000000
          .romdata_usb9.o    romdata   0x000006    program   0x000000
          .idata_main.o_i    romdata   0x000006    program   0x000002
          .romdata_main.o    romdata   0x000006    program   0x000000
 .romdata_BootPIC18NonJ.o    romdata   0x000006    program   0x000000
    .idata_usbctrltrf.o_i    romdata   0x000006    program   0x000000
    .romdata_usbctrltrf.o    romdata   0x000006    program   0x000000
        .idata_usbdrv.o_i    romdata   0x000006    program   0x000000
       .romdata_usbmmap.o    romdata   0x000006    program   0x000000
       .idata_usbmmap.o_i    romdata   0x000006    program   0x000000
        .romdata_usbdrv.o    romdata   0x000006    program   0x000000
        .idata_usbdsc.o_i    romdata   0x000006    program   0x000000
              high_vector       code   0x000008    program   0x000006
           .code_usbdsc.o       code   0x00000e    program   0x000000
          .code_usbmmap.o       code   0x00000e    program   0x000000
 .idata_BootPIC18NonJ.o_i    romdata   0x00000e    program   0x000000
           .idata_hid.o_i    romdata   0x00000e    program   0x000000
               low_vector       code   0x000018    program   0x00000a
                   .cinit    romdata   0x000022    program   0x00000e
    .code_BootPIC18NonJ.o       code   0x000030    program   0x0005b8
       .code_usbctrltrf.o       code   0x0005e8    program   0x0002b8
             .code_usb9.o       code   0x0008a0    program   0x000272
              .code_hid.o       code   0x000b12    program   0x0001aa
           .code_usbdrv.o       code   0x000cbc    program   0x00015a
        .romdata_usbdsc.o    romdata   0x000e16    program   0x0000c2
             .code_main.o       code   0x000ed8    program   0x0000ba
                    .code       code   0x000f92    program   0x000020
          user_app_vector       code   0x001000    program   0x000006
    .config_300000_main.o    romdata   0x300000    program   0x000001
    .config_300001_main.o    romdata   0x300001    program   0x000001
    .config_300002_main.o    romdata   0x300002    program   0x000001
    .config_300003_main.o    romdata   0x300003    program   0x000001
    .config_300005_main.o    romdata   0x300005    program   0x000001
    .config_300006_main.o    romdata   0x300006    program   0x000001
    .config_300008_main.o    romdata   0x300008    program   0x000001
    .config_300009_main.o    romdata   0x300009    program   0x000001
    .config_30000a_main.o    romdata   0x30000a    program   0x000001
    .config_30000b_main.o    romdata   0x30000b    program   0x000001
    .config_30000c_main.o    romdata   0x30000c    program   0x000001
    .config_30000d_main.o    romdata   0x30000d    program   0x000001
                 .tmpdata      udata   0x000000       data   0x000003
                MATH_DATA      udata   0x000003       data   0x000000
         SomeSectionName3      udata   0x000060       data   0x000041
         SomeSectionName2      udata   0x0000a1       data   0x000041
    OtherVariablesSection      udata   0x0000e2       data   0x000013
             .udata_hid.o      udata   0x0000f5       data   0x00000a
   .idata_BootPIC18NonJ.o      idata   0x0000ff       data   0x000000
   .udata_BootPIC18NonJ.o      udata   0x0000ff       data   0x000000
         .idata_usbmmap.o      idata   0x0000ff       data   0x000000
          .idata_usbdsc.o      idata   0x0000ff       data   0x000000
          .udata_usbdsc.o      udata   0x0000ff       data   0x000000
          .idata_usbdrv.o      idata   0x0000ff       data   0x000000
      .idata_usbctrltrf.o      idata   0x0000ff       data   0x000000
            .idata_usb9.o      idata   0x0000ff       data   0x000000
            .udata_usb9.o      udata   0x0000ff       data   0x000000
             .idata_hid.o      idata   0x0000ff       data   0x000000
                   .stack      udata   0x000300       data   0x000060
       WriteBufferSection      udata   0x000360       data   0x000040
      .udata_usbctrltrf.o      udata   0x0003a0       data   0x00000f
          .udata_usbdrv.o      udata   0x0003af       data   0x000005
         .udata_usbmmap.o      udata   0x0003b4       data   0x000004
            .udata_main.o      udata   0x0003b8       data   0x000002
            .idata_main.o      idata   0x0003ba       data   0x000002
                  USB_BDT      udata   0x000400       data   0x0000a0
            SFR_UNBANKED0      udata   0x000f62       data   0x00009e



                              Program Memory Usage 
                               Start         End      
                           ---------   ---------      
                            0x000000    0x00000d      
                            0x000018    0x000fb1      
                            0x001000    0x001005      
                            0x300000    0x300003      
                            0x300005    0x300006      
                            0x300008    0x30000d      
            4026 out of 33048 program addresses used, program memory utilization is 12%



                              Symbols - Sorted by Name
                     Name    Address   Location    Storage File                     
                ---------  ---------  ---------  --------- ---------                
           BlinkUSBStatus   0x000f6e    program     extern C:\Users\roman\Documents\pictest\bootloaders\USB HID bootloader and application template package\microchip_solutions_v2013-06-15\USB\Device - Bootloaders\HID\Firmware - PIC18 Non-J\Firmware - PIC18 Non-J\main.c
                 BootMain   0x000f16    program     extern C:\Users\roman\Documents\pictest\bootloaders\USB HID bootloader and application template package\microchip_solutions_v2013-06-15\USB\Device - Bootloaders\HID\Firmware - PIC18 Non-J\Firmware - PIC18 Non-J\main.c
          ClassReqHandler   0x000ed6    program     extern C:\Users\roman\Documents\pictest\bootloaders\USB HID bootloader and application template package\microchip_solutions_v2013-06-15\USB\Device - Bootloaders\HID\Firmware - PIC18 Non-J\Firmware - PIC18 Non-J\usbdsc.c
               ClearArray   0x000dfe    program     extern C:\Users\roman\Documents\pictest\bootloaders\USB HID bootloader and application template package\microchip_solutions_v2013-06-15\USB\Device - Bootloaders\HID\Firmware - PIC18 Non-J\Firmware - PIC18 Non-J\usbdrv.c
            ClearWatchdog   0x0005ba    program     extern C:\Users\roman\Documents\pictest\bootloaders\USB HID bootloader and application template package\microchip_solutions_v2013-06-15\USB\Device - Bootloaders\HID\Firmware - PIC18 Non-J\Firmware - PIC18 Non-J\BootPIC18NonJ.c
DisableUSBandExecuteLongDelay   0x00041a    program     extern C:\Users\roman\Documents\pictest\bootloaders\USB HID bootloader and application template package\microchip_solutions_v2013-06-15\USB\Device - Bootloaders\HID\Firmware - PIC18 Non-J\Firmware - PIC18 Non-J\BootPIC18NonJ.c
    DoFlashSignatureCheck   0x000eec    program     static                          
      HIDGetReportHandler   0x000be0    program     extern C:\Users\roman\Documents\pictest\bootloaders\USB HID bootloader and application template package\microchip_solutions_v2013-06-15\USB\Device - Bootloaders\HID\Firmware - PIC18 Non-J\Firmware - PIC18 Non-J\hid.c
                HIDInitEP   0x000be4    program     extern C:\Users\roman\Documents\pictest\bootloaders\USB HID bootloader and application template package\microchip_solutions_v2013-06-15\USB\Device - Bootloaders\HID\Firmware - PIC18 Non-J\Firmware - PIC18 Non-J\hid.c
              HIDRxReport   0x000c5a    program     extern C:\Users\roman\Documents\pictest\bootloaders\USB HID bootloader and application template package\microchip_solutions_v2013-06-15\USB\Device - Bootloaders\HID\Firmware - PIC18 Non-J\Firmware - PIC18 Non-J\hid.c
      HIDSetReportHandler   0x000be2    program     extern C:\Users\roman\Documents\pictest\bootloaders\USB HID bootloader and application template package\microchip_solutions_v2013-06-15\USB\Device - Bootloaders\HID\Firmware - PIC18 Non-J\Firmware - PIC18 Non-J\hid.c
              HIDTxReport   0x000c0e    program     extern C:\Users\roman\Documents\pictest\bootloaders\USB HID bootloader and application template package\microchip_solutions_v2013-06-15\USB\Device - Bootloaders\HID\Firmware - PIC18 Non-J\Firmware - PIC18 Non-J\hid.c
         InitializeSystem   0x000f52    program     static C:\Users\roman\Documents\pictest\bootloaders\USB HID bootloader and application template package\microchip_solutions_v2013-06-15\USB\Device - Bootloaders\HID\Firmware - PIC18 Non-J\Firmware - PIC18 Non-J\main.c
          LowVoltageCheck   0x000f6c    program     extern C:\Users\roman\Documents\pictest\bootloaders\USB HID bootloader and application template package\microchip_solutions_v2013-06-15\USB\Device - Bootloaders\HID\Firmware - PIC18 Non-J\Firmware - PIC18 Non-J\main.c
                ProcessIO   0x000042    program     extern C:\Users\roman\Documents\pictest\bootloaders\USB HID bootloader and application template package\microchip_solutions_v2013-06-15\USB\Device - Bootloaders\HID\Firmware - PIC18 Non-J\Firmware - PIC18 Non-J\BootPIC18NonJ.c
       ResetDeviceCleanly   0x000410    program     extern C:\Users\roman\Documents\pictest\bootloaders\USB HID bootloader and application template package\microchip_solutions_v2013-06-15\USB\Device - Bootloaders\HID\Firmware - PIC18 Non-J\Firmware - PIC18 Non-J\BootPIC18NonJ.c
                SignFlash   0x000376    program     extern C:\Users\roman\Documents\pictest\bootloaders\USB HID bootloader and application template package\microchip_solutions_v2013-06-15\USB\Device - Bootloaders\HID\Firmware - PIC18 Non-J\Firmware - PIC18 Non-J\BootPIC18NonJ.c
   TableReadPostIncrement   0x0005be    program     extern C:\Users\roman\Documents\pictest\bootloaders\USB HID bootloader and application template package\microchip_solutions_v2013-06-15\USB\Device - Bootloaders\HID\Firmware - PIC18 Non-J\Firmware - PIC18 Non-J\BootPIC18NonJ.c
        USBCheckBusStatus   0x000cbc    program     extern C:\Users\roman\Documents\pictest\bootloaders\USB HID bootloader and application template package\microchip_solutions_v2013-06-15\USB\Device - Bootloaders\HID\Firmware - PIC18 Non-J\Firmware - PIC18 Non-J\usbdrv.c
       USBCheckHIDRequest   0x000b12    program     extern C:\Users\roman\Documents\pictest\bootloaders\USB HID bootloader and application template package\microchip_solutions_v2013-06-15\USB\Device - Bootloaders\HID\Firmware - PIC18 Non-J\Firmware - PIC18 Non-J\hid.c
       USBCheckStdRequest   0x0008a0    program     extern C:\Users\roman\Documents\pictest\bootloaders\USB HID bootloader and application template package\microchip_solutions_v2013-06-15\USB\Device - Bootloaders\HID\Firmware - PIC18 Non-J\Firmware - PIC18 Non-J\usb9.c
         USBCtrlEPService   0x0005e8    program     extern C:\Users\roman\Documents\pictest\bootloaders\USB HID bootloader and application template package\microchip_solutions_v2013-06-15\USB\Device - Bootloaders\HID\Firmware - PIC18 Non-J\Firmware - PIC18 Non-J\usbctrltrf.c
 USBCtrlEPServiceComplete   0x0007f0    program     extern C:\Users\roman\Documents\pictest\bootloaders\USB HID bootloader and application template package\microchip_solutions_v2013-06-15\USB\Device - Bootloaders\HID\Firmware - PIC18 Non-J\Firmware - PIC18 Non-J\usbctrltrf.c
      USBCtrlTrfInHandler   0x0006f2    program     extern C:\Users\roman\Documents\pictest\bootloaders\USB HID bootloader and application template package\microchip_solutions_v2013-06-15\USB\Device - Bootloaders\HID\Firmware - PIC18 Non-J\Firmware - PIC18 Non-J\usbctrltrf.c
     USBCtrlTrfOutHandler   0x0006c4    program     extern C:\Users\roman\Documents\pictest\bootloaders\USB HID bootloader and application template package\microchip_solutions_v2013-06-15\USB\Device - Bootloaders\HID\Firmware - PIC18 Non-J\Firmware - PIC18 Non-J\usbctrltrf.c
      USBCtrlTrfRxService   0x0007be    program     extern C:\Users\roman\Documents\pictest\bootloaders\USB HID bootloader and application template package\microchip_solutions_v2013-06-15\USB\Device - Bootloaders\HID\Firmware - PIC18 Non-J\Firmware - PIC18 Non-J\usbctrltrf.c
   USBCtrlTrfSetupHandler   0x000660    program     extern C:\Users\roman\Documents\pictest\bootloaders\USB HID bootloader and application template package\microchip_solutions_v2013-06-15\USB\Device - Bootloaders\HID\Firmware - PIC18 Non-J\Firmware - PIC18 Non-J\usbctrltrf.c
      USBCtrlTrfTxService   0x000736    program     extern C:\Users\roman\Documents\pictest\bootloaders\USB HID bootloader and application template package\microchip_solutions_v2013-06-15\USB\Device - Bootloaders\HID\Firmware - PIC18 Non-J\Firmware - PIC18 Non-J\usbctrltrf.c
         USBDriverService   0x000ce4    program     extern C:\Users\roman\Documents\pictest\bootloaders\USB HID bootloader and application template package\microchip_solutions_v2013-06-15\USB\Device - Bootloaders\HID\Firmware - PIC18 Non-J\Firmware - PIC18 Non-J\usbdrv.c
USBPrepareForNextSetupTrf   0x000862    program     extern C:\Users\roman\Documents\pictest\bootloaders\USB HID bootloader and application template package\microchip_solutions_v2013-06-15\USB\Device - Bootloaders\HID\Firmware - PIC18 Non-J\Firmware - PIC18 Non-J\usbctrltrf.c
  USBProtocolResetHandler   0x000daa    program     extern C:\Users\roman\Documents\pictest\bootloaders\USB HID bootloader and application template package\microchip_solutions_v2013-06-15\USB\Device - Bootloaders\HID\Firmware - PIC18 Non-J\Firmware - PIC18 Non-J\usbdrv.c
          USBStallHandler   0x000d8a    program     extern C:\Users\roman\Documents\pictest\bootloaders\USB HID bootloader and application template package\microchip_solutions_v2013-06-15\USB\Device - Bootloaders\HID\Firmware - PIC18 Non-J\Firmware - PIC18 Non-J\usbdrv.c
  USBStdFeatureReqHandler   0x000a4a    program     extern C:\Users\roman\Documents\pictest\bootloaders\USB HID bootloader and application template package\microchip_solutions_v2013-06-15\USB\Device - Bootloaders\HID\Firmware - PIC18 Non-J\Firmware - PIC18 Non-J\usb9.c
      USBStdGetDscHandler   0x00093e    program     extern C:\Users\roman\Documents\pictest\bootloaders\USB HID bootloader and application template package\microchip_solutions_v2013-06-15\USB\Device - Bootloaders\HID\Firmware - PIC18 Non-J\Firmware - PIC18 Non-J\usb9.c
   USBStdGetStatusHandler   0x0009ea    program     extern C:\Users\roman\Documents\pictest\bootloaders\USB HID bootloader and application template package\microchip_solutions_v2013-06-15\USB\Device - Bootloaders\HID\Firmware - PIC18 Non-J\Firmware - PIC18 Non-J\usb9.c
      USBStdSetCfgHandler   0x0009ac    program     extern C:\Users\roman\Documents\pictest\bootloaders\USB HID bootloader and application template package\microchip_solutions_v2013-06-15\USB\Device - Bootloaders\HID\Firmware - PIC18 Non-J\Firmware - PIC18 Non-J\usb9.c
               USBSuspend   0x000d2a    program     extern C:\Users\roman\Documents\pictest\bootloaders\USB HID bootloader and application template package\microchip_solutions_v2013-06-15\USB\Device - Bootloaders\HID\Firmware - PIC18 Non-J\Firmware - PIC18 Non-J\usbdrv.c
       USBWakeFromSuspend   0x000d7c    program     extern C:\Users\roman\Documents\pictest\bootloaders\USB HID bootloader and application template package\microchip_solutions_v2013-06-15\USB\Device - Bootloaders\HID\Firmware - PIC18 Non-J\Firmware - PIC18 Non-J\usbdrv.c
               USB_CD_Ptr   0x000ecc    program     extern C:\Users\roman\Documents\pictest\bootloaders\USB HID bootloader and application template package\microchip_solutions_v2013-06-15\USB\Device - Bootloaders\HID\Firmware - PIC18 Non-J\Firmware - PIC18 Non-J\usbdsc.c
               USB_SD_Ptr   0x000ed0    program     extern C:\Users\roman\Documents\pictest\bootloaders\USB HID bootloader and application template package\microchip_solutions_v2013-06-15\USB\Device - Bootloaders\HID\Firmware - PIC18 Non-J\Firmware - PIC18 Non-J\usbdsc.c
        UninitializedMain   0x000ed8    program     extern C:\Users\roman\Documents\pictest\bootloaders\USB HID bootloader and application template package\microchip_solutions_v2013-06-15\USB\Device - Bootloaders\HID\Firmware - PIC18 Non-J\Firmware - PIC18 Non-J\main.c
        UnlockAndActivate   0x000594    program     extern C:\Users\roman\Documents\pictest\bootloaders\USB HID bootloader and application template package\microchip_solutions_v2013-06-15\USB\Device - Bootloaders\HID\Firmware - PIC18 Non-J\Firmware - PIC18 Non-J\BootPIC18NonJ.c
                 UserInit   0x000030    program     extern C:\Users\roman\Documents\pictest\bootloaders\USB HID bootloader and application template package\microchip_solutions_v2013-06-15\USB\Device - Bootloaders\HID\Firmware - PIC18 Non-J\Firmware - PIC18 Non-J\BootPIC18NonJ.c
          WriteConfigBits   0x000508    program     extern C:\Users\roman\Documents\pictest\bootloaders\USB HID bootloader and application template package\microchip_solutions_v2013-06-15\USB\Device - Bootloaders\HID\Firmware - PIC18 Non-J\Firmware - PIC18 Non-J\BootPIC18NonJ.c
              WriteEEPROM   0x000554    program     extern C:\Users\roman\Documents\pictest\bootloaders\USB HID bootloader and application template package\microchip_solutions_v2013-06-15\USB\Device - Bootloaders\HID\Firmware - PIC18 Non-J\Firmware - PIC18 Non-J\BootPIC18NonJ.c
          WriteFlashBlock   0x000440    program     extern C:\Users\roman\Documents\pictest\bootloaders\USB HID bootloader and application template package\microchip_solutions_v2013-06-15\USB\Device - Bootloaders\HID\Firmware - PIC18 Non-J\Firmware - PIC18 Non-J\BootPIC18NonJ.c
         ___else_lbl00005   0x000ee8    program     static                          
         ___else_lbl00059   0x0004a6    program     static                          
         ___else_lbl00061   0x0004ac    program     static                          
          ___for_lbl00044   0x00039e    program     static                          
          ___for_lbl00045   0x0003a4    program     static                          
          ___for_lbl00046   0x000382    program     static                          
          ___for_lbl00056   0x0004b4    program     static                          
          ___for_lbl00057   0x0004ba    program     static                          
          ___for_lbl00062   0x000474    program     static                          
          ___for_lbl00063   0x000500    program     static                          
          ___for_lbl00064   0x000506    program     static                          
          ___for_lbl00065   0x0004cc    program     static                          
          ___for_lbl00067   0x00054c    program     static                          
          ___for_lbl00068   0x000552    program     static                          
          ___for_lbl00069   0x000518    program     static                          
           ___if_lbl00004   0x000eec    program     static                          
           ___if_lbl00006   0x000f10    program     static                          
           ___if_lbl00008   0x000f2c    program     static                          
           ___if_lbl00012   0x000f4e    program     static                          
           ___if_lbl00049   0x0003fe    program     static                          
           ___if_lbl00050   0x000408    program     static                          
           ___if_lbl00058   0x0004aa    program     static                          
           ___if_lbl00060   0x0004b4    program     static                          
           ___if_lbl00077   0x0005a8    program     static                          
       ___return_lbl00000   0x000004    program     static                          
       ___return_lbl00001   0x00000c    program     static                          
       ___return_lbl00002   0x000020    program     static                          
       ___return_lbl00003   0x000f14    program     static                          
       ___return_lbl00007   0x000f50    program     static                          
       ___return_lbl00018   0x000d7a    program     static                          
       ___return_lbl00019   0x001004    program     static                          
       ___return_lbl00034   0x000e14    program     static                          
       ___return_lbl00043   0x00040e    program     static                          
       ___return_lbl00051   0x000418    program     static                          
       ___return_lbl00055   0x000506    program     static                          
       ___return_lbl00066   0x000552    program     static                          
       ___return_lbl00074   0x0005b8    program     static                          
       ___return_lbl00080   0x0005bc    program     static                          
       ___return_lbl00081   0x0005c0    program     static                          
        ___while_lbl00009   0x000f2e    program     static                          
        ___while_lbl00010   0x000f50    program     static                          
        ___while_lbl00019   0x000d3e    program     static                          
        ___while_lbl00020   0x000d4e    program     static                          
        ___while_lbl00022   0x000d60    program     static                          
        ___while_lbl00023   0x000d7a    program     static                          
        ___while_lbl00035   0x000e06    program     static                          
        ___while_lbl00036   0x000e14    program     static                          
        ___while_lbl00047   0x0003d4    program     static                          
        ___while_lbl00048   0x00040e    program     static                          
        ___while_lbl00075   0x0005a2    program     static                          
        ___while_lbl00076   0x0005a6    program     static                          
        ___while_lbl00078   0x0005b2    program     static                          
        ___while_lbl00079   0x0005b6    program     static                          
               __config_0   0x300000    program     static C:\Users\roman\Documents\pictest\bootloaders\USB HID bootloader and application template package\microchip_solutions_v2013-06-15\USB\Device - Bootloaders\HID\Firmware - PIC18 Non-J\Firmware - PIC18 Non-J\main.c
               __config_1   0x300001    program     static C:\Users\roman\Documents\pictest\bootloaders\USB HID bootloader and application template package\microchip_solutions_v2013-06-15\USB\Device - Bootloaders\HID\Firmware - PIC18 Non-J\Firmware - PIC18 Non-J\main.c
              __config_10   0x30000c    program     static C:\Users\roman\Documents\pictest\bootloaders\USB HID bootloader and application template package\microchip_solutions_v2013-06-15\USB\Device - Bootloaders\HID\Firmware - PIC18 Non-J\Firmware - PIC18 Non-J\main.c
              __config_11   0x30000d    program     static C:\Users\roman\Documents\pictest\bootloaders\USB HID bootloader and application template package\microchip_solutions_v2013-06-15\USB\Device - Bootloaders\HID\Firmware - PIC18 Non-J\Firmware - PIC18 Non-J\main.c
               __config_2   0x300002    program     static C:\Users\roman\Documents\pictest\bootloaders\USB HID bootloader and application template package\microchip_solutions_v2013-06-15\USB\Device - Bootloaders\HID\Firmware - PIC18 Non-J\Firmware - PIC18 Non-J\main.c
               __config_3   0x300003    program     static C:\Users\roman\Documents\pictest\bootloaders\USB HID bootloader and application template package\microchip_solutions_v2013-06-15\USB\Device - Bootloaders\HID\Firmware - PIC18 Non-J\Firmware - PIC18 Non-J\main.c
               __config_4   0x300005    program     static C:\Users\roman\Documents\pictest\bootloaders\USB HID bootloader and application template package\microchip_solutions_v2013-06-15\USB\Device - Bootloaders\HID\Firmware - PIC18 Non-J\Firmware - PIC18 Non-J\main.c
               __config_5   0x300006    program     static C:\Users\roman\Documents\pictest\bootloaders\USB HID bootloader and application template package\microchip_solutions_v2013-06-15\USB\Device - Bootloaders\HID\Firmware - PIC18 Non-J\Firmware - PIC18 Non-J\main.c
               __config_6   0x300008    program     static C:\Users\roman\Documents\pictest\bootloaders\USB HID bootloader and application template package\microchip_solutions_v2013-06-15\USB\Device - Bootloaders\HID\Firmware - PIC18 Non-J\Firmware - PIC18 Non-J\main.c
               __config_7   0x300009    program     static C:\Users\roman\Documents\pictest\bootloaders\USB HID bootloader and application template package\microchip_solutions_v2013-06-15\USB\Device - Bootloaders\HID\Firmware - PIC18 Non-J\Firmware - PIC18 Non-J\main.c
               __config_8   0x30000a    program     static C:\Users\roman\Documents\pictest\bootloaders\USB HID bootloader and application template package\microchip_solutions_v2013-06-15\USB\Device - Bootloaders\HID\Firmware - PIC18 Non-J\Firmware - PIC18 Non-J\main.c
               __config_9   0x30000b    program     static C:\Users\roman\Documents\pictest\bootloaders\USB HID bootloader and application template package\microchip_solutions_v2013-06-15\USB\Device - Bootloaders\HID\Firmware - PIC18 Non-J\Firmware - PIC18 Non-J\main.c
                   __pa_0   0x000ab6    program     static C:\Users\roman\Documents\pictest\bootloaders\USB HID bootloader and application template package\microchip_solutions_v2013-06-15\USB\Device - Bootloaders\HID\Firmware - PIC18 Non-J\Firmware - PIC18 Non-J\usb9.c
                   __pa_0   0x0005c2    program     static C:\Users\roman\Documents\pictest\bootloaders\USB HID bootloader and application template package\microchip_solutions_v2013-06-15\USB\Device - Bootloaders\HID\Firmware - PIC18 Non-J\Firmware - PIC18 Non-J\BootPIC18NonJ.c
                   __pa_0   0x000cb4    program     static C:\Users\roman\Documents\pictest\bootloaders\USB HID bootloader and application template package\microchip_solutions_v2013-06-15\USB\Device - Bootloaders\HID\Firmware - PIC18 Non-J\Firmware - PIC18 Non-J\hid.c
                   __pa_0   0x00086c    program     static C:\Users\roman\Documents\pictest\bootloaders\USB HID bootloader and application template package\microchip_solutions_v2013-06-15\USB\Device - Bootloaders\HID\Firmware - PIC18 Non-J\Firmware - PIC18 Non-J\usbctrltrf.c
                   __pa_1   0x000ace    program     static C:\Users\roman\Documents\pictest\bootloaders\USB HID bootloader and application template package\microchip_solutions_v2013-06-15\USB\Device - Bootloaders\HID\Firmware - PIC18 Non-J\Firmware - PIC18 Non-J\usb9.c
                   __pa_1   0x0005d2    program     static C:\Users\roman\Documents\pictest\bootloaders\USB HID bootloader and application template package\microchip_solutions_v2013-06-15\USB\Device - Bootloaders\HID\Firmware - PIC18 Non-J\Firmware - PIC18 Non-J\BootPIC18NonJ.c
                   __pa_1   0x000882    program     static C:\Users\roman\Documents\pictest\bootloaders\USB HID bootloader and application template package\microchip_solutions_v2013-06-15\USB\Device - Bootloaders\HID\Firmware - PIC18 Non-J\Firmware - PIC18 Non-J\usbctrltrf.c
                   __pa_2   0x000ae0    program     static C:\Users\roman\Documents\pictest\bootloaders\USB HID bootloader and application template package\microchip_solutions_v2013-06-15\USB\Device - Bootloaders\HID\Firmware - PIC18 Non-J\Firmware - PIC18 Non-J\usb9.c
                   __pa_2   0x000892    program     static C:\Users\roman\Documents\pictest\bootloaders\USB HID bootloader and application template package\microchip_solutions_v2013-06-15\USB\Device - Bootloaders\HID\Firmware - PIC18 Non-J\Firmware - PIC18 Non-J\usbctrltrf.c
                   __pa_2   0x0005dc    program     static C:\Users\roman\Documents\pictest\bootloaders\USB HID bootloader and application template package\microchip_solutions_v2013-06-15\USB\Device - Bootloaders\HID\Firmware - PIC18 Non-J\Firmware - PIC18 Non-J\BootPIC18NonJ.c
                   __pa_3   0x000af2    program     static C:\Users\roman\Documents\pictest\bootloaders\USB HID bootloader and application template package\microchip_solutions_v2013-06-15\USB\Device - Bootloaders\HID\Firmware - PIC18 Non-J\Firmware - PIC18 Non-J\usb9.c
                   __pa_4   0x000b02    program     static C:\Users\roman\Documents\pictest\bootloaders\USB HID bootloader and application template package\microchip_solutions_v2013-06-15\USB\Device - Bootloaders\HID\Firmware - PIC18 Non-J\Firmware - PIC18 Non-J\usb9.c
                   __pa_5   0x000b0a    program     static C:\Users\roman\Documents\pictest\bootloaders\USB HID bootloader and application template package\microchip_solutions_v2013-06-15\USB\Device - Bootloaders\HID\Firmware - PIC18 Non-J\Firmware - PIC18 Non-J\usb9.c
               __tmplbl_0   0x000d4a    program     static                          
               __tmplbl_0   0x000f4a    program     static                          
               __tmplbl_1   0x000f44    program     static                          
               __tmplbl_1   0x000d44    program     static                          
            __zero_memory   0x000f92    program     extern E:\3.46\pic18-lt\cxx-framework\src\traditional\proc\p18f4550.asm
                   _entry   0x000000    program     extern C:\Users\roman\Documents\pictest\bootloaders\USB HID bootloader and application template package\microchip_solutions_v2013-06-15\USB\Device - Bootloaders\HID\Firmware - PIC18 Non-J\Firmware - PIC18 Non-J\main.c
                    cfg01   0x000e28    program     extern C:\Users\roman\Documents\pictest\bootloaders\USB HID bootloader and application template package\microchip_solutions_v2013-06-15\USB\Device - Bootloaders\HID\Firmware - PIC18 Non-J\Firmware - PIC18 Non-J\usbdsc.c
                compare_l   0x000fa8    program     static E:\3.46\pic18-lt\cxx-framework\src\traditional\proc\p18f4550.asm
               device_dsc   0x000e16    program     extern C:\Users\roman\Documents\pictest\bootloaders\USB HID bootloader and application template package\microchip_solutions_v2013-06-15\USB\Device - Bootloaders\HID\Firmware - PIC18 Non-J\Firmware - PIC18 Non-J\usbdsc.c
                hid_rpt01   0x000eaf    program     extern C:\Users\roman\Documents\pictest\bootloaders\USB HID bootloader and application template package\microchip_solutions_v2013-06-15\USB\Device - Bootloaders\HID\Firmware - PIC18 Non-J\Firmware - PIC18 Non-J\usbdsc.c
 interrupt_at_high_vector   0x000008    program     extern C:\Users\roman\Documents\pictest\bootloaders\USB HID bootloader and application template package\microchip_solutions_v2013-06-15\USB\Device - Bootloaders\HID\Firmware - PIC18 Non-J\Firmware - PIC18 Non-J\main.c
  interrupt_at_low_vector   0x000018    program     extern C:\Users\roman\Documents\pictest\bootloaders\USB HID bootloader and application template package\microchip_solutions_v2013-06-15\USB\Device - Bootloaders\HID\Firmware - PIC18 Non-J\Firmware - PIC18 Non-J\main.c
                   loop_h   0x000fa0    program     static E:\3.46\pic18-lt\cxx-framework\src\traditional\proc\p18f4550.asm
                   loop_l   0x000faa    program     static E:\3.46\pic18-lt\cxx-framework\src\traditional\proc\p18f4550.asm
                    sd000   0x000e51    program     extern C:\Users\roman\Documents\pictest\bootloaders\USB HID bootloader and application template package\microchip_solutions_v2013-06-15\USB\Device - Bootloaders\HID\Firmware - PIC18 Non-J\Firmware - PIC18 Non-J\usbdsc.c
                    sd001   0x000e55    program     extern C:\Users\roman\Documents\pictest\bootloaders\USB HID bootloader and application template package\microchip_solutions_v2013-06-15\USB\Device - Bootloaders\HID\Firmware - PIC18 Non-J\Firmware - PIC18 Non-J\usbdsc.c
                    sd002   0x000e89    program     extern C:\Users\roman\Documents\pictest\bootloaders\USB HID bootloader and application template package\microchip_solutions_v2013-06-15\USB\Device - Bootloaders\HID\Firmware - PIC18 Non-J\Firmware - PIC18 Non-J\usbdsc.c
                  userApp   0x001000    program     extern C:\Users\roman\Documents\pictest\bootloaders\USB HID bootloader and application template package\microchip_solutions_v2013-06-15\USB\Device - Bootloaders\HID\Firmware - PIC18 Non-J\Firmware - PIC18 Non-J\main.c
               zero_block   0x000fa0    program     static E:\3.46\pic18-lt\cxx-framework\src\traditional\proc\p18f4550.asm
                   ADCON0   0x000fc2       data     extern E:\3.46\pic18-lt\cxx-framework\src\traditional\proc\p18f4550.asm
               ADCON0bits   0x000fc2       data     extern E:\3.46\pic18-lt\cxx-framework\src\traditional\proc\p18f4550.asm
                   ADCON1   0x000fc1       data     extern E:\3.46\pic18-lt\cxx-framework\src\traditional\proc\p18f4550.asm
               ADCON1bits   0x000fc1       data     extern E:\3.46\pic18-lt\cxx-framework\src\traditional\proc\p18f4550.asm
                   ADCON2   0x000fc0       data     extern E:\3.46\pic18-lt\cxx-framework\src\traditional\proc\p18f4550.asm
               ADCON2bits   0x000fc0       data     extern E:\3.46\pic18-lt\cxx-framework\src\traditional\proc\p18f4550.asm
                    ADRES   0x000fc3       data     extern E:\3.46\pic18-lt\cxx-framework\src\traditional\proc\p18f4550.asm
                   ADRESH   0x000fc4       data     extern E:\3.46\pic18-lt\cxx-framework\src\traditional\proc\p18f4550.asm
                   ADRESL   0x000fc3       data     extern E:\3.46\pic18-lt\cxx-framework\src\traditional\proc\p18f4550.asm
                  BAUDCON   0x000fb8       data     extern E:\3.46\pic18-lt\cxx-framework\src\traditional\proc\p18f4550.asm
              BAUDCONbits   0x000fb8       data     extern E:\3.46\pic18-lt\cxx-framework\src\traditional\proc\p18f4550.asm
                  BAUDCTL   0x000fb8       data     extern E:\3.46\pic18-lt\cxx-framework\src\traditional\proc\p18f4550.asm
              BAUDCTLbits   0x000fb8       data     extern E:\3.46\pic18-lt\cxx-framework\src\traditional\proc\p18f4550.asm
                      BSR   0x000fe0       data     extern E:\3.46\pic18-lt\cxx-framework\src\traditional\proc\p18f4550.asm
                BootState   0x0000e5       data     extern C:\Users\roman\Documents\pictest\bootloaders\USB HID bootloader and application template package\microchip_solutions_v2013-06-15\USB\Device - Bootloaders\HID\Firmware - PIC18 Non-J\Firmware - PIC18 Non-J\BootPIC18NonJ.c
        BufferedDataIndex   0x0000e8       data     extern C:\Users\roman\Documents\pictest\bootloaders\USB HID bootloader and application template package\microchip_solutions_v2013-06-15\USB\Device - Bootloaders\HID\Firmware - PIC18 Non-J\Firmware - PIC18 Non-J\BootPIC18NonJ.c
     BytesTakenFromBuffer   0x0000f0       data     static C:\Users\roman\Documents\pictest\bootloaders\USB HID bootloader and application template package\microchip_solutions_v2013-06-15\USB\Device - Bootloaders\HID\Firmware - PIC18 Non-J\Firmware - PIC18 Non-J\BootPIC18NonJ.c
                   CCP1AS   0x000fb6       data     extern E:\3.46\pic18-lt\cxx-framework\src\traditional\proc\p18f4550.asm
               CCP1ASbits   0x000fb6       data     extern E:\3.46\pic18-lt\cxx-framework\src\traditional\proc\p18f4550.asm
                  CCP1CON   0x000fbd       data     extern E:\3.46\pic18-lt\cxx-framework\src\traditional\proc\p18f4550.asm
              CCP1CONbits   0x000fbd       data     extern E:\3.46\pic18-lt\cxx-framework\src\traditional\proc\p18f4550.asm
                  CCP1DEL   0x000fb7       data     extern E:\3.46\pic18-lt\cxx-framework\src\traditional\proc\p18f4550.asm
              CCP1DELbits   0x000fb7       data     extern E:\3.46\pic18-lt\cxx-framework\src\traditional\proc\p18f4550.asm
                  CCP2CON   0x000fba       data     extern E:\3.46\pic18-lt\cxx-framework\src\traditional\proc\p18f4550.asm
              CCP2CONbits   0x000fba       data     extern E:\3.46\pic18-lt\cxx-framework\src\traditional\proc\p18f4550.asm
                    CCPR1   0x000fbe       data     extern E:\3.46\pic18-lt\cxx-framework\src\traditional\proc\p18f4550.asm
                   CCPR1H   0x000fbf       data     extern E:\3.46\pic18-lt\cxx-framework\src\traditional\proc\p18f4550.asm
                   CCPR1L   0x000fbe       data     extern E:\3.46\pic18-lt\cxx-framework\src\traditional\proc\p18f4550.asm
                    CCPR2   0x000fbb       data     extern E:\3.46\pic18-lt\cxx-framework\src\traditional\proc\p18f4550.asm
                   CCPR2H   0x000fbc       data     extern E:\3.46\pic18-lt\cxx-framework\src\traditional\proc\p18f4550.asm
                   CCPR2L   0x000fbb       data     extern E:\3.46\pic18-lt\cxx-framework\src\traditional\proc\p18f4550.asm
                    CMCON   0x000fb4       data     extern E:\3.46\pic18-lt\cxx-framework\src\traditional\proc\p18f4550.asm
                CMCONbits   0x000fb4       data     extern E:\3.46\pic18-lt\cxx-framework\src\traditional\proc\p18f4550.asm
                   CVRCON   0x000fb5       data     extern E:\3.46\pic18-lt\cxx-framework\src\traditional\proc\p18f4550.asm
               CVRCONbits   0x000fb5       data     extern E:\3.46\pic18-lt\cxx-framework\src\traditional\proc\p18f4550.asm
         ConfigsLockValue   0x0000ec       data     extern C:\Users\roman\Documents\pictest\bootloaders\USB HID bootloader and application template package\microchip_solutions_v2013-06-15\USB\Device - Bootloaders\HID\Firmware - PIC18 Non-J\Firmware - PIC18 Non-J\BootPIC18NonJ.c
         CorrectionFactor   0x0000f1       data     static C:\Users\roman\Documents\pictest\bootloaders\USB HID bootloader and application template package\microchip_solutions_v2013-06-15\USB\Device - Bootloaders\HID\Firmware - PIC18 Non-J\Firmware - PIC18 Non-J\BootPIC18NonJ.c
              CtrlTrfData   0x000418       data     extern C:\Users\roman\Documents\pictest\bootloaders\USB HID bootloader and application template package\microchip_solutions_v2013-06-15\USB\Device - Bootloaders\HID\Firmware - PIC18 Non-J\Firmware - PIC18 Non-J\usbmmap.c
                     DDRA   0x000f92       data     extern E:\3.46\pic18-lt\cxx-framework\src\traditional\proc\p18f4550.asm
                 DDRAbits   0x000f92       data     extern E:\3.46\pic18-lt\cxx-framework\src\traditional\proc\p18f4550.asm
                     DDRB   0x000f93       data     extern E:\3.46\pic18-lt\cxx-framework\src\traditional\proc\p18f4550.asm
                 DDRBbits   0x000f93       data     extern E:\3.46\pic18-lt\cxx-framework\src\traditional\proc\p18f4550.asm
                     DDRC   0x000f94       data     extern E:\3.46\pic18-lt\cxx-framework\src\traditional\proc\p18f4550.asm
                 DDRCbits   0x000f94       data     extern E:\3.46\pic18-lt\cxx-framework\src\traditional\proc\p18f4550.asm
                     DDRD   0x000f95       data     extern E:\3.46\pic18-lt\cxx-framework\src\traditional\proc\p18f4550.asm
                 DDRDbits   0x000f95       data     extern E:\3.46\pic18-lt\cxx-framework\src\traditional\proc\p18f4550.asm
                     DDRE   0x000f96       data     extern E:\3.46\pic18-lt\cxx-framework\src\traditional\proc\p18f4550.asm
                 DDREbits   0x000f96       data     extern E:\3.46\pic18-lt\cxx-framework\src\traditional\proc\p18f4550.asm
                  ECCP1AS   0x000fb6       data     extern E:\3.46\pic18-lt\cxx-framework\src\traditional\proc\p18f4550.asm
              ECCP1ASbits   0x000fb6       data     extern E:\3.46\pic18-lt\cxx-framework\src\traditional\proc\p18f4550.asm
                 ECCP1CON   0x000fbd       data     extern E:\3.46\pic18-lt\cxx-framework\src\traditional\proc\p18f4550.asm
             ECCP1CONbits   0x000fbd       data     extern E:\3.46\pic18-lt\cxx-framework\src\traditional\proc\p18f4550.asm
                 ECCP1DEL   0x000fb7       data     extern E:\3.46\pic18-lt\cxx-framework\src\traditional\proc\p18f4550.asm
             ECCP1DELbits   0x000fb7       data     extern E:\3.46\pic18-lt\cxx-framework\src\traditional\proc\p18f4550.asm
                    EEADR   0x000fa9       data     extern E:\3.46\pic18-lt\cxx-framework\src\traditional\proc\p18f4550.asm
                   EECON1   0x000fa6       data     extern E:\3.46\pic18-lt\cxx-framework\src\traditional\proc\p18f4550.asm
               EECON1bits   0x000fa6       data     extern E:\3.46\pic18-lt\cxx-framework\src\traditional\proc\p18f4550.asm
                   EECON2   0x000fa7       data     extern E:\3.46\pic18-lt\cxx-framework\src\traditional\proc\p18f4550.asm
                   EEDATA   0x000fa8       data     extern E:\3.46\pic18-lt\cxx-framework\src\traditional\proc\p18f4550.asm
         ErasePageTracker   0x0000e6       data     extern C:\Users\roman\Documents\pictest\bootloaders\USB HID bootloader and application template package\microchip_solutions_v2013-06-15\USB\Device - Bootloaders\HID\Firmware - PIC18 Non-J\Firmware - PIC18 Non-J\BootPIC18NonJ.c
                     FSR0   0x000fe9       data     extern E:\3.46\pic18-lt\cxx-framework\src\traditional\proc\p18f4550.asm
                    FSR0H   0x000fea       data     extern E:\3.46\pic18-lt\cxx-framework\src\traditional\proc\p18f4550.asm
                    FSR0L   0x000fe9       data     extern E:\3.46\pic18-lt\cxx-framework\src\traditional\proc\p18f4550.asm
                     FSR1   0x000fe1       data     extern E:\3.46\pic18-lt\cxx-framework\src\traditional\proc\p18f4550.asm
                    FSR1H   0x000fe2       data     extern E:\3.46\pic18-lt\cxx-framework\src\traditional\proc\p18f4550.asm
                    FSR1L   0x000fe1       data     extern E:\3.46\pic18-lt\cxx-framework\src\traditional\proc\p18f4550.asm
                     FSR2   0x000fd9       data     extern E:\3.46\pic18-lt\cxx-framework\src\traditional\proc\p18f4550.asm
                    FSR2H   0x000fda       data     extern E:\3.46\pic18-lt\cxx-framework\src\traditional\proc\p18f4550.asm
                    FSR2L   0x000fd9       data     extern E:\3.46\pic18-lt\cxx-framework\src\traditional\proc\p18f4550.asm
                  HLVDCON   0x000fd2       data     extern E:\3.46\pic18-lt\cxx-framework\src\traditional\proc\p18f4550.asm
              HLVDCONbits   0x000fd2       data     extern E:\3.46\pic18-lt\cxx-framework\src\traditional\proc\p18f4550.asm
                    INDF0   0x000fef       data     extern E:\3.46\pic18-lt\cxx-framework\src\traditional\proc\p18f4550.asm
                    INDF1   0x000fe7       data     extern E:\3.46\pic18-lt\cxx-framework\src\traditional\proc\p18f4550.asm
                    INDF2   0x000fdf       data     extern E:\3.46\pic18-lt\cxx-framework\src\traditional\proc\p18f4550.asm
                   INTCON   0x000ff2       data     extern E:\3.46\pic18-lt\cxx-framework\src\traditional\proc\p18f4550.asm
                  INTCON2   0x000ff1       data     extern E:\3.46\pic18-lt\cxx-framework\src\traditional\proc\p18f4550.asm
              INTCON2bits   0x000ff1       data     extern E:\3.46\pic18-lt\cxx-framework\src\traditional\proc\p18f4550.asm
                  INTCON3   0x000ff0       data     extern E:\3.46\pic18-lt\cxx-framework\src\traditional\proc\p18f4550.asm
              INTCON3bits   0x000ff0       data     extern E:\3.46\pic18-lt\cxx-framework\src\traditional\proc\p18f4550.asm
               INTCONbits   0x000ff2       data     extern E:\3.46\pic18-lt\cxx-framework\src\traditional\proc\p18f4550.asm
                     IPR1   0x000f9f       data     extern E:\3.46\pic18-lt\cxx-framework\src\traditional\proc\p18f4550.asm
                 IPR1bits   0x000f9f       data     extern E:\3.46\pic18-lt\cxx-framework\src\traditional\proc\p18f4550.asm
                     IPR2   0x000fa2       data     extern E:\3.46\pic18-lt\cxx-framework\src\traditional\proc\p18f4550.asm
                 IPR2bits   0x000fa2       data     extern E:\3.46\pic18-lt\cxx-framework\src\traditional\proc\p18f4550.asm
                     LATA   0x000f89       data     extern E:\3.46\pic18-lt\cxx-framework\src\traditional\proc\p18f4550.asm
                 LATAbits   0x000f89       data     extern E:\3.46\pic18-lt\cxx-framework\src\traditional\proc\p18f4550.asm
                     LATB   0x000f8a       data     extern E:\3.46\pic18-lt\cxx-framework\src\traditional\proc\p18f4550.asm
                 LATBbits   0x000f8a       data     extern E:\3.46\pic18-lt\cxx-framework\src\traditional\proc\p18f4550.asm
                     LATC   0x000f8b       data     extern E:\3.46\pic18-lt\cxx-framework\src\traditional\proc\p18f4550.asm
                 LATCbits   0x000f8b       data     extern E:\3.46\pic18-lt\cxx-framework\src\traditional\proc\p18f4550.asm
                     LATD   0x000f8c       data     extern E:\3.46\pic18-lt\cxx-framework\src\traditional\proc\p18f4550.asm
                 LATDbits   0x000f8c       data     extern E:\3.46\pic18-lt\cxx-framework\src\traditional\proc\p18f4550.asm
                     LATE   0x000f8d       data     extern E:\3.46\pic18-lt\cxx-framework\src\traditional\proc\p18f4550.asm
                 LATEbits   0x000f8d       data     extern E:\3.46\pic18-lt\cxx-framework\src\traditional\proc\p18f4550.asm
                   LVDCON   0x000fd2       data     extern E:\3.46\pic18-lt\cxx-framework\src\traditional\proc\p18f4550.asm
               LVDCONbits   0x000fd2       data     extern E:\3.46\pic18-lt\cxx-framework\src\traditional\proc\p18f4550.asm
                   OSCCON   0x000fd3       data     extern E:\3.46\pic18-lt\cxx-framework\src\traditional\proc\p18f4550.asm
               OSCCONbits   0x000fd3       data     extern E:\3.46\pic18-lt\cxx-framework\src\traditional\proc\p18f4550.asm
                  OSCTUNE   0x000f9b       data     extern E:\3.46\pic18-lt\cxx-framework\src\traditional\proc\p18f4550.asm
              OSCTUNEbits   0x000f9b       data     extern E:\3.46\pic18-lt\cxx-framework\src\traditional\proc\p18f4550.asm
                       PC   0x000ff9       data     extern E:\3.46\pic18-lt\cxx-framework\src\traditional\proc\p18f4550.asm
                      PCL   0x000ff9       data     extern E:\3.46\pic18-lt\cxx-framework\src\traditional\proc\p18f4550.asm
                   PCLATH   0x000ffa       data     extern E:\3.46\pic18-lt\cxx-framework\src\traditional\proc\p18f4550.asm
                   PCLATU   0x000ffb       data     extern E:\3.46\pic18-lt\cxx-framework\src\traditional\proc\p18f4550.asm
                     PIE1   0x000f9d       data     extern E:\3.46\pic18-lt\cxx-framework\src\traditional\proc\p18f4550.asm
                 PIE1bits   0x000f9d       data     extern E:\3.46\pic18-lt\cxx-framework\src\traditional\proc\p18f4550.asm
                     PIE2   0x000fa0       data     extern E:\3.46\pic18-lt\cxx-framework\src\traditional\proc\p18f4550.asm
                 PIE2bits   0x000fa0       data     extern E:\3.46\pic18-lt\cxx-framework\src\traditional\proc\p18f4550.asm
                     PIR1   0x000f9e       data     extern E:\3.46\pic18-lt\cxx-framework\src\traditional\proc\p18f4550.asm
                 PIR1bits   0x000f9e       data     extern E:\3.46\pic18-lt\cxx-framework\src\traditional\proc\p18f4550.asm
                     PIR2   0x000fa1       data     extern E:\3.46\pic18-lt\cxx-framework\src\traditional\proc\p18f4550.asm
                 PIR2bits   0x000fa1       data     extern E:\3.46\pic18-lt\cxx-framework\src\traditional\proc\p18f4550.asm
                   PLUSW0   0x000feb       data     extern E:\3.46\pic18-lt\cxx-framework\src\traditional\proc\p18f4550.asm
                   PLUSW1   0x000fe3       data     extern E:\3.46\pic18-lt\cxx-framework\src\traditional\proc\p18f4550.asm
                   PLUSW2   0x000fdb       data     extern E:\3.46\pic18-lt\cxx-framework\src\traditional\proc\p18f4550.asm
                    PORTA   0x000f80       data     extern E:\3.46\pic18-lt\cxx-framework\src\traditional\proc\p18f4550.asm
                PORTAbits   0x000f80       data     extern E:\3.46\pic18-lt\cxx-framework\src\traditional\proc\p18f4550.asm
                    PORTB   0x000f81       data     extern E:\3.46\pic18-lt\cxx-framework\src\traditional\proc\p18f4550.asm
                PORTBbits   0x000f81       data     extern E:\3.46\pic18-lt\cxx-framework\src\traditional\proc\p18f4550.asm
                    PORTC   0x000f82       data     extern E:\3.46\pic18-lt\cxx-framework\src\traditional\proc\p18f4550.asm
                PORTCbits   0x000f82       data     extern E:\3.46\pic18-lt\cxx-framework\src\traditional\proc\p18f4550.asm
                    PORTD   0x000f83       data     extern E:\3.46\pic18-lt\cxx-framework\src\traditional\proc\p18f4550.asm
                PORTDbits   0x000f83       data     extern E:\3.46\pic18-lt\cxx-framework\src\traditional\proc\p18f4550.asm
                    PORTE   0x000f84       data     extern E:\3.46\pic18-lt\cxx-framework\src\traditional\proc\p18f4550.asm
                PORTEbits   0x000f84       data     extern E:\3.46\pic18-lt\cxx-framework\src\traditional\proc\p18f4550.asm
                 POSTDEC0   0x000fed       data     extern E:\3.46\pic18-lt\cxx-framework\src\traditional\proc\p18f4550.asm
                 POSTDEC1   0x000fe5       data     extern E:\3.46\pic18-lt\cxx-framework\src\traditional\proc\p18f4550.asm
                 POSTDEC2   0x000fdd       data     extern E:\3.46\pic18-lt\cxx-framework\src\traditional\proc\p18f4550.asm
                 POSTINC0   0x000fee       data     extern E:\3.46\pic18-lt\cxx-framework\src\traditional\proc\p18f4550.asm
                 POSTINC1   0x000fe6       data     extern E:\3.46\pic18-lt\cxx-framework\src\traditional\proc\p18f4550.asm
                 POSTINC2   0x000fde       data     extern E:\3.46\pic18-lt\cxx-framework\src\traditional\proc\p18f4550.asm
                      PR2   0x000fcb       data     extern E:\3.46\pic18-lt\cxx-framework\src\traditional\proc\p18f4550.asm
                  PREINC0   0x000fec       data     extern E:\3.46\pic18-lt\cxx-framework\src\traditional\proc\p18f4550.asm
                  PREINC1   0x000fe4       data     extern E:\3.46\pic18-lt\cxx-framework\src\traditional\proc\p18f4550.asm
                  PREINC2   0x000fdc       data     extern E:\3.46\pic18-lt\cxx-framework\src\traditional\proc\p18f4550.asm
                     PROD   0x000ff3       data     extern E:\3.46\pic18-lt\cxx-framework\src\traditional\proc\p18f4550.asm
                    PRODH   0x000ff4       data     extern E:\3.46\pic18-lt\cxx-framework\src\traditional\proc\p18f4550.asm
                    PRODL   0x000ff3       data     extern E:\3.46\pic18-lt\cxx-framework\src\traditional\proc\p18f4550.asm
             PacketFromPC   0x0000a1       data     extern C:\Users\roman\Documents\pictest\bootloaders\USB HID bootloader and application template package\microchip_solutions_v2013-06-15\USB\Device - Bootloaders\HID\Firmware - PIC18 Non-J\Firmware - PIC18 Non-J\BootPIC18NonJ.c
               PacketToPC   0x000060       data     extern C:\Users\roman\Documents\pictest\bootloaders\USB HID bootloader and application template package\microchip_solutions_v2013-06-15\USB\Device - Bootloaders\HID\Firmware - PIC18 Non-J\Firmware - PIC18 Non-J\BootPIC18NonJ.c
    ProgramMemStopAddress   0x0000e2       data     extern C:\Users\roman\Documents\pictest\bootloaders\USB HID bootloader and application template package\microchip_solutions_v2013-06-15\USB\Device - Bootloaders\HID\Firmware - PIC18 Non-J\Firmware - PIC18 Non-J\BootPIC18NonJ.c
        ProgrammedPointer   0x0000e9       data     extern C:\Users\roman\Documents\pictest\bootloaders\USB HID bootloader and application template package\microchip_solutions_v2013-06-15\USB\Device - Bootloaders\HID\Firmware - PIC18 Non-J\Firmware - PIC18 Non-J\BootPIC18NonJ.c
        ProgrammingBuffer   0x000360       data     extern C:\Users\roman\Documents\pictest\bootloaders\USB HID bootloader and application template package\microchip_solutions_v2013-06-15\USB\Device - Bootloaders\HID\Firmware - PIC18 Non-J\Firmware - PIC18 Non-J\BootPIC18NonJ.c
                     RCON   0x000fd0       data     extern E:\3.46\pic18-lt\cxx-framework\src\traditional\proc\p18f4550.asm
                 RCONbits   0x000fd0       data     extern E:\3.46\pic18-lt\cxx-framework\src\traditional\proc\p18f4550.asm
                    RCREG   0x000fae       data     extern E:\3.46\pic18-lt\cxx-framework\src\traditional\proc\p18f4550.asm
                    RCSTA   0x000fab       data     extern E:\3.46\pic18-lt\cxx-framework\src\traditional\proc\p18f4550.asm
                RCSTAbits   0x000fab       data     extern E:\3.46\pic18-lt\cxx-framework\src\traditional\proc\p18f4550.asm
                    SPBRG   0x000faf       data     extern E:\3.46\pic18-lt\cxx-framework\src\traditional\proc\p18f4550.asm
                   SPBRGH   0x000fb0       data     extern E:\3.46\pic18-lt\cxx-framework\src\traditional\proc\p18f4550.asm
                   SPPCFG   0x000f63       data     extern E:\3.46\pic18-lt\cxx-framework\src\traditional\proc\p18f4550.asm
               SPPCFGbits   0x000f63       data     extern E:\3.46\pic18-lt\cxx-framework\src\traditional\proc\p18f4550.asm
                   SPPCON   0x000f65       data     extern E:\3.46\pic18-lt\cxx-framework\src\traditional\proc\p18f4550.asm
               SPPCONbits   0x000f65       data     extern E:\3.46\pic18-lt\cxx-framework\src\traditional\proc\p18f4550.asm
                  SPPDATA   0x000f62       data     extern E:\3.46\pic18-lt\cxx-framework\src\traditional\proc\p18f4550.asm
                   SPPEPS   0x000f64       data     extern E:\3.46\pic18-lt\cxx-framework\src\traditional\proc\p18f4550.asm
               SPPEPSbits   0x000f64       data     extern E:\3.46\pic18-lt\cxx-framework\src\traditional\proc\p18f4550.asm
                   SSPADD   0x000fc8       data     extern E:\3.46\pic18-lt\cxx-framework\src\traditional\proc\p18f4550.asm
                   SSPBUF   0x000fc9       data     extern E:\3.46\pic18-lt\cxx-framework\src\traditional\proc\p18f4550.asm
                  SSPCON1   0x000fc6       data     extern E:\3.46\pic18-lt\cxx-framework\src\traditional\proc\p18f4550.asm
              SSPCON1bits   0x000fc6       data     extern E:\3.46\pic18-lt\cxx-framework\src\traditional\proc\p18f4550.asm
                  SSPCON2   0x000fc5       data     extern E:\3.46\pic18-lt\cxx-framework\src\traditional\proc\p18f4550.asm
              SSPCON2bits   0x000fc5       data     extern E:\3.46\pic18-lt\cxx-framework\src\traditional\proc\p18f4550.asm
                  SSPSTAT   0x000fc7       data     extern E:\3.46\pic18-lt\cxx-framework\src\traditional\proc\p18f4550.asm
              SSPSTATbits   0x000fc7       data     extern E:\3.46\pic18-lt\cxx-framework\src\traditional\proc\p18f4550.asm
                   STATUS   0x000fd8       data     extern E:\3.46\pic18-lt\cxx-framework\src\traditional\proc\p18f4550.asm
               STATUSbits   0x000fd8       data     extern E:\3.46\pic18-lt\cxx-framework\src\traditional\proc\p18f4550.asm
                   STKPTR   0x000ffc       data     extern E:\3.46\pic18-lt\cxx-framework\src\traditional\proc\p18f4550.asm
               STKPTRbits   0x000ffc       data     extern E:\3.46\pic18-lt\cxx-framework\src\traditional\proc\p18f4550.asm
                 SetupPkt   0x000410       data     extern C:\Users\roman\Documents\pictest\bootloaders\USB HID bootloader and application template package\microchip_solutions_v2013-06-15\USB\Device - Bootloaders\HID\Firmware - PIC18 Non-J\Firmware - PIC18 Non-J\usbmmap.c
                    T0CON   0x000fd5       data     extern E:\3.46\pic18-lt\cxx-framework\src\traditional\proc\p18f4550.asm
                T0CONbits   0x000fd5       data     extern E:\3.46\pic18-lt\cxx-framework\src\traditional\proc\p18f4550.asm
                    T1CON   0x000fcd       data     extern E:\3.46\pic18-lt\cxx-framework\src\traditional\proc\p18f4550.asm
                T1CONbits   0x000fcd       data     extern E:\3.46\pic18-lt\cxx-framework\src\traditional\proc\p18f4550.asm
                    T2CON   0x000fca       data     extern E:\3.46\pic18-lt\cxx-framework\src\traditional\proc\p18f4550.asm
                T2CONbits   0x000fca       data     extern E:\3.46\pic18-lt\cxx-framework\src\traditional\proc\p18f4550.asm
                    T3CON   0x000fb1       data     extern E:\3.46\pic18-lt\cxx-framework\src\traditional\proc\p18f4550.asm
                T3CONbits   0x000fb1       data     extern E:\3.46\pic18-lt\cxx-framework\src\traditional\proc\p18f4550.asm
                   TABLAT   0x000ff5       data     extern E:\3.46\pic18-lt\cxx-framework\src\traditional\proc\p18f4550.asm
                   TBLPTR   0x000ff6       data     extern E:\3.46\pic18-lt\cxx-framework\src\traditional\proc\p18f4550.asm
                  TBLPTRH   0x000ff7       data     extern E:\3.46\pic18-lt\cxx-framework\src\traditional\proc\p18f4550.asm
                  TBLPTRL   0x000ff6       data     extern E:\3.46\pic18-lt\cxx-framework\src\traditional\proc\p18f4550.asm
                  TBLPTRU   0x000ff8       data     extern E:\3.46\pic18-lt\cxx-framework\src\traditional\proc\p18f4550.asm
                    TMR0H   0x000fd7       data     extern E:\3.46\pic18-lt\cxx-framework\src\traditional\proc\p18f4550.asm
                    TMR0L   0x000fd6       data     extern E:\3.46\pic18-lt\cxx-framework\src\traditional\proc\p18f4550.asm
                    TMR1H   0x000fcf       data     extern E:\3.46\pic18-lt\cxx-framework\src\traditional\proc\p18f4550.asm
                    TMR1L   0x000fce       data     extern E:\3.46\pic18-lt\cxx-framework\src\traditional\proc\p18f4550.asm
                     TMR2   0x000fcc       data     extern E:\3.46\pic18-lt\cxx-framework\src\traditional\proc\p18f4550.asm
                    TMR3H   0x000fb3       data     extern E:\3.46\pic18-lt\cxx-framework\src\traditional\proc\p18f4550.asm
                    TMR3L   0x000fb2       data     extern E:\3.46\pic18-lt\cxx-framework\src\traditional\proc\p18f4550.asm
                      TOS   0x000ffd       data     extern E:\3.46\pic18-lt\cxx-framework\src\traditional\proc\p18f4550.asm
                     TOSH   0x000ffe       data     extern E:\3.46\pic18-lt\cxx-framework\src\traditional\proc\p18f4550.asm
                     TOSL   0x000ffd       data     extern E:\3.46\pic18-lt\cxx-framework\src\traditional\proc\p18f4550.asm
                     TOSU   0x000fff       data     extern E:\3.46\pic18-lt\cxx-framework\src\traditional\proc\p18f4550.asm
                    TRISA   0x000f92       data     extern E:\3.46\pic18-lt\cxx-framework\src\traditional\proc\p18f4550.asm
                TRISAbits   0x000f92       data     extern E:\3.46\pic18-lt\cxx-framework\src\traditional\proc\p18f4550.asm
                    TRISB   0x000f93       data     extern E:\3.46\pic18-lt\cxx-framework\src\traditional\proc\p18f4550.asm
                TRISBbits   0x000f93       data     extern E:\3.46\pic18-lt\cxx-framework\src\traditional\proc\p18f4550.asm
                    TRISC   0x000f94       data     extern E:\3.46\pic18-lt\cxx-framework\src\traditional\proc\p18f4550.asm
                TRISCbits   0x000f94       data     extern E:\3.46\pic18-lt\cxx-framework\src\traditional\proc\p18f4550.asm
                    TRISD   0x000f95       data     extern E:\3.46\pic18-lt\cxx-framework\src\traditional\proc\p18f4550.asm
                TRISDbits   0x000f95       data     extern E:\3.46\pic18-lt\cxx-framework\src\traditional\proc\p18f4550.asm
                    TRISE   0x000f96       data     extern E:\3.46\pic18-lt\cxx-framework\src\traditional\proc\p18f4550.asm
                TRISEbits   0x000f96       data     extern E:\3.46\pic18-lt\cxx-framework\src\traditional\proc\p18f4550.asm
                    TXREG   0x000fad       data     extern E:\3.46\pic18-lt\cxx-framework\src\traditional\proc\p18f4550.asm
                    TXSTA   0x000fac       data     extern E:\3.46\pic18-lt\cxx-framework\src\traditional\proc\p18f4550.asm
                TXSTAbits   0x000fac       data     extern E:\3.46\pic18-lt\cxx-framework\src\traditional\proc\p18f4550.asm
                    UADDR   0x000f6e       data     extern E:\3.46\pic18-lt\cxx-framework\src\traditional\proc\p18f4550.asm
                UADDRbits   0x000f6e       data     extern E:\3.46\pic18-lt\cxx-framework\src\traditional\proc\p18f4550.asm
                     UCFG   0x000f6f       data     extern E:\3.46\pic18-lt\cxx-framework\src\traditional\proc\p18f4550.asm
                 UCFGbits   0x000f6f       data     extern E:\3.46\pic18-lt\cxx-framework\src\traditional\proc\p18f4550.asm
                     UCON   0x000f6d       data     extern E:\3.46\pic18-lt\cxx-framework\src\traditional\proc\p18f4550.asm
                 UCONbits   0x000f6d       data     extern E:\3.46\pic18-lt\cxx-framework\src\traditional\proc\p18f4550.asm
                     UEIE   0x000f6b       data     extern E:\3.46\pic18-lt\cxx-framework\src\traditional\proc\p18f4550.asm
                 UEIEbits   0x000f6b       data     extern E:\3.46\pic18-lt\cxx-framework\src\traditional\proc\p18f4550.asm
                     UEIR   0x000f6a       data     extern E:\3.46\pic18-lt\cxx-framework\src\traditional\proc\p18f4550.asm
                 UEIRbits   0x000f6a       data     extern E:\3.46\pic18-lt\cxx-framework\src\traditional\proc\p18f4550.asm
                     UEP0   0x000f70       data     extern E:\3.46\pic18-lt\cxx-framework\src\traditional\proc\p18f4550.asm
                 UEP0bits   0x000f70       data     extern E:\3.46\pic18-lt\cxx-framework\src\traditional\proc\p18f4550.asm
                     UEP1   0x000f71       data     extern E:\3.46\pic18-lt\cxx-framework\src\traditional\proc\p18f4550.asm
                    UEP10   0x000f7a       data     extern E:\3.46\pic18-lt\cxx-framework\src\traditional\proc\p18f4550.asm
                UEP10bits   0x000f7a       data     extern E:\3.46\pic18-lt\cxx-framework\src\traditional\proc\p18f4550.asm
                    UEP11   0x000f7b       data     extern E:\3.46\pic18-lt\cxx-framework\src\traditional\proc\p18f4550.asm
                UEP11bits   0x000f7b       data     extern E:\3.46\pic18-lt\cxx-framework\src\traditional\proc\p18f4550.asm
                    UEP12   0x000f7c       data     extern E:\3.46\pic18-lt\cxx-framework\src\traditional\proc\p18f4550.asm
                UEP12bits   0x000f7c       data     extern E:\3.46\pic18-lt\cxx-framework\src\traditional\proc\p18f4550.asm
                    UEP13   0x000f7d       data     extern E:\3.46\pic18-lt\cxx-framework\src\traditional\proc\p18f4550.asm
                UEP13bits   0x000f7d       data     extern E:\3.46\pic18-lt\cxx-framework\src\traditional\proc\p18f4550.asm
                    UEP14   0x000f7e       data     extern E:\3.46\pic18-lt\cxx-framework\src\traditional\proc\p18f4550.asm
                UEP14bits   0x000f7e       data     extern E:\3.46\pic18-lt\cxx-framework\src\traditional\proc\p18f4550.asm
                    UEP15   0x000f7f       data     extern E:\3.46\pic18-lt\cxx-framework\src\traditional\proc\p18f4550.asm
                UEP15bits   0x000f7f       data     extern E:\3.46\pic18-lt\cxx-framework\src\traditional\proc\p18f4550.asm
                 UEP1bits   0x000f71       data     extern E:\3.46\pic18-lt\cxx-framework\src\traditional\proc\p18f4550.asm
                     UEP2   0x000f72       data     extern E:\3.46\pic18-lt\cxx-framework\src\traditional\proc\p18f4550.asm
                 UEP2bits   0x000f72       data     extern E:\3.46\pic18-lt\cxx-framework\src\traditional\proc\p18f4550.asm
                     UEP3   0x000f73       data     extern E:\3.46\pic18-lt\cxx-framework\src\traditional\proc\p18f4550.asm
                 UEP3bits   0x000f73       data     extern E:\3.46\pic18-lt\cxx-framework\src\traditional\proc\p18f4550.asm
                     UEP4   0x000f74       data     extern E:\3.46\pic18-lt\cxx-framework\src\traditional\proc\p18f4550.asm
                 UEP4bits   0x000f74       data     extern E:\3.46\pic18-lt\cxx-framework\src\traditional\proc\p18f4550.asm
                     UEP5   0x000f75       data     extern E:\3.46\pic18-lt\cxx-framework\src\traditional\proc\p18f4550.asm
                 UEP5bits   0x000f75       data     extern E:\3.46\pic18-lt\cxx-framework\src\traditional\proc\p18f4550.asm
                     UEP6   0x000f76       data     extern E:\3.46\pic18-lt\cxx-framework\src\traditional\proc\p18f4550.asm
                 UEP6bits   0x000f76       data     extern E:\3.46\pic18-lt\cxx-framework\src\traditional\proc\p18f4550.asm
                     UEP7   0x000f77       data     extern E:\3.46\pic18-lt\cxx-framework\src\traditional\proc\p18f4550.asm
                 UEP7bits   0x000f77       data     extern E:\3.46\pic18-lt\cxx-framework\src\traditional\proc\p18f4550.asm
                     UEP8   0x000f78       data     extern E:\3.46\pic18-lt\cxx-framework\src\traditional\proc\p18f4550.asm
                 UEP8bits   0x000f78       data     extern E:\3.46\pic18-lt\cxx-framework\src\traditional\proc\p18f4550.asm
                     UEP9   0x000f79       data     extern E:\3.46\pic18-lt\cxx-framework\src\traditional\proc\p18f4550.asm
                 UEP9bits   0x000f79       data     extern E:\3.46\pic18-lt\cxx-framework\src\traditional\proc\p18f4550.asm
                     UFRM   0x000f66       data     extern E:\3.46\pic18-lt\cxx-framework\src\traditional\proc\p18f4550.asm
                    UFRMH   0x000f67       data     extern E:\3.46\pic18-lt\cxx-framework\src\traditional\proc\p18f4550.asm
                UFRMHbits   0x000f67       data     extern E:\3.46\pic18-lt\cxx-framework\src\traditional\proc\p18f4550.asm
                    UFRML   0x000f66       data     extern E:\3.46\pic18-lt\cxx-framework\src\traditional\proc\p18f4550.asm
                UFRMLbits   0x000f66       data     extern E:\3.46\pic18-lt\cxx-framework\src\traditional\proc\p18f4550.asm
                      UIE   0x000f69       data     extern E:\3.46\pic18-lt\cxx-framework\src\traditional\proc\p18f4550.asm
                  UIESave   0x0003b0       data     static C:\Users\roman\Documents\pictest\bootloaders\USB HID bootloader and application template package\microchip_solutions_v2013-06-15\USB\Device - Bootloaders\HID\Firmware - PIC18 Non-J\Firmware - PIC18 Non-J\usbdrv.c
                  UIEbits   0x000f69       data     extern E:\3.46\pic18-lt\cxx-framework\src\traditional\proc\p18f4550.asm
                      UIR   0x000f68       data     extern E:\3.46\pic18-lt\cxx-framework\src\traditional\proc\p18f4550.asm
                  UIRbits   0x000f68       data     extern E:\3.46\pic18-lt\cxx-framework\src\traditional\proc\p18f4550.asm
                    USTAT   0x000f6c       data     extern E:\3.46\pic18-lt\cxx-framework\src\traditional\proc\p18f4550.asm
                USTATbits   0x000f6c       data     extern E:\3.46\pic18-lt\cxx-framework\src\traditional\proc\p18f4550.asm
                UnlockKey   0x0000f4       data     static C:\Users\roman\Documents\pictest\bootloaders\USB HID bootloader and application template package\microchip_solutions_v2013-06-15\USB\Device - Bootloaders\HID\Firmware - PIC18 Non-J\Firmware - PIC18 Non-J\BootPIC18NonJ.c
                   WDTCON   0x000fd1       data     extern E:\3.46\pic18-lt\cxx-framework\src\traditional\proc\p18f4550.asm
               WDTCONbits   0x000fd1       data     extern E:\3.46\pic18-lt\cxx-framework\src\traditional\proc\p18f4550.asm
                     WREG   0x000fe8       data     extern E:\3.46\pic18-lt\cxx-framework\src\traditional\proc\p18f4550.asm
           __ClearArray:0   0x0003b1       data     extern C:\Users\roman\Documents\pictest\bootloaders\USB HID bootloader and application template package\microchip_solutions_v2013-06-15\USB\Device - Bootloaders\HID\Firmware - PIC18 Non-J\Firmware - PIC18 Non-J\usbdrv.c
           __ClearArray:1   0x0003b3       data     extern C:\Users\roman\Documents\pictest\bootloaders\USB HID bootloader and application template package\microchip_solutions_v2013-06-15\USB\Device - Bootloaders\HID\Firmware - PIC18 Non-J\Firmware - PIC18 Non-J\usbdrv.c
          __HIDRxReport:0   0x0000fc       data     extern C:\Users\roman\Documents\pictest\bootloaders\USB HID bootloader and application template package\microchip_solutions_v2013-06-15\USB\Device - Bootloaders\HID\Firmware - PIC18 Non-J\Firmware - PIC18 Non-J\hid.c
          __HIDRxReport:1   0x0000fe       data     extern C:\Users\roman\Documents\pictest\bootloaders\USB HID bootloader and application template package\microchip_solutions_v2013-06-15\USB\Device - Bootloaders\HID\Firmware - PIC18 Non-J\Firmware - PIC18 Non-J\hid.c
          __HIDTxReport:0   0x0000f8       data     extern C:\Users\roman\Documents\pictest\bootloaders\USB HID bootloader and application template package\microchip_solutions_v2013-06-15\USB\Device - Bootloaders\HID\Firmware - PIC18 Non-J\Firmware - PIC18 Non-J\hid.c
          __HIDTxReport:1   0x0000fa       data     extern C:\Users\roman\Documents\pictest\bootloaders\USB HID bootloader and application template package\microchip_solutions_v2013-06-15\USB\Device - Bootloaders\HID\Firmware - PIC18 Non-J\Firmware - PIC18 Non-J\hid.c
    __UnlockAndActivate:0   0x0000f4       data     extern C:\Users\roman\Documents\pictest\bootloaders\USB HID bootloader and application template package\microchip_solutions_v2013-06-15\USB\Device - Bootloaders\HID\Firmware - PIC18 Non-J\Firmware - PIC18 Non-J\BootPIC18NonJ.c
                  __tmp_0   0x000000       data     static C:\Users\roman\Documents\pictest\bootloaders\USB HID bootloader and application template package\microchip_solutions_v2013-06-15\USB\Device - Bootloaders\HID\Firmware - PIC18 Non-J\Firmware - PIC18 Non-J\usbctrltrf.c
                  __tmp_0   0x000000       data     static C:\Users\roman\Documents\pictest\bootloaders\USB HID bootloader and application template package\microchip_solutions_v2013-06-15\USB\Device - Bootloaders\HID\Firmware - PIC18 Non-J\Firmware - PIC18 Non-J\usb9.c
                  __tmp_0   0x000000       data     static C:\Users\roman\Documents\pictest\bootloaders\USB HID bootloader and application template package\microchip_solutions_v2013-06-15\USB\Device - Bootloaders\HID\Firmware - PIC18 Non-J\Firmware - PIC18 Non-J\usbdrv.c
                  __tmp_0   0x000000       data     static C:\Users\roman\Documents\pictest\bootloaders\USB HID bootloader and application template package\microchip_solutions_v2013-06-15\USB\Device - Bootloaders\HID\Firmware - PIC18 Non-J\Firmware - PIC18 Non-J\main.c
                  __tmp_0   0x000000       data     static C:\Users\roman\Documents\pictest\bootloaders\USB HID bootloader and application template package\microchip_solutions_v2013-06-15\USB\Device - Bootloaders\HID\Firmware - PIC18 Non-J\Firmware - PIC18 Non-J\BootPIC18NonJ.c
          active_protocol   0x0000f6       data     extern C:\Users\roman\Documents\pictest\bootloaders\USB HID bootloader and application template package\microchip_solutions_v2013-06-15\USB\Device - Bootloaders\HID\Firmware - PIC18 Non-J\Firmware - PIC18 Non-J\hid.c
              bTRNIFCount   0x0003af       data     extern C:\Users\roman\Documents\pictest\bootloaders\USB HID bootloader and application template package\microchip_solutions_v2013-06-15\USB\Device - Bootloaders\HID\Firmware - PIC18 Non-J\Firmware - PIC18 Non-J\usbdrv.c
                   buffer   0x0000fc       data     static C:\Users\roman\Documents\pictest\bootloaders\USB HID bootloader and application template package\microchip_solutions_v2013-06-15\USB\Device - Bootloaders\HID\Firmware - PIC18 Non-J\Firmware - PIC18 Non-J\hid.c
                   buffer   0x0000f8       data     static C:\Users\roman\Documents\pictest\bootloaders\USB HID bootloader and application template package\microchip_solutions_v2013-06-15\USB\Device - Bootloaders\HID\Firmware - PIC18 Non-J\Firmware - PIC18 Non-J\hid.c
             byte_to_read   0x0003ad       data     static C:\Users\roman\Documents\pictest\bootloaders\USB HID bootloader and application template package\microchip_solutions_v2013-06-15\USB\Device - Bootloaders\HID\Firmware - PIC18 Non-J\Firmware - PIC18 Non-J\usbctrltrf.c
             byte_to_send   0x0003ab       data     static C:\Users\roman\Documents\pictest\bootloaders\USB HID bootloader and application template package\microchip_solutions_v2013-06-15\USB\Device - Bootloaders\HID\Firmware - PIC18 Non-J\Firmware - PIC18 Non-J\usbctrltrf.c
                    count   0x0003b3       data     static C:\Users\roman\Documents\pictest\bootloaders\USB HID bootloader and application template package\microchip_solutions_v2013-06-15\USB\Device - Bootloaders\HID\Firmware - PIC18 Non-J\Firmware - PIC18 Non-J\usbdrv.c
   ctrl_trf_session_owner   0x0003a1       data     extern C:\Users\roman\Documents\pictest\bootloaders\USB HID bootloader and application template package\microchip_solutions_v2013-06-15\USB\Device - Bootloaders\HID\Firmware - PIC18 Non-J\Firmware - PIC18 Non-J\usbctrltrf.c
           ctrl_trf_state   0x0003a0       data     extern C:\Users\roman\Documents\pictest\bootloaders\USB HID bootloader and application template package\microchip_solutions_v2013-06-15\USB\Device - Bootloaders\HID\Firmware - PIC18 Non-J\Firmware - PIC18 Non-J\usbctrltrf.c
                    ep0Bi   0x000404       data     extern C:\Users\roman\Documents\pictest\bootloaders\USB HID bootloader and application template package\microchip_solutions_v2013-06-15\USB\Device - Bootloaders\HID\Firmware - PIC18 Non-J\Firmware - PIC18 Non-J\usbmmap.c
                    ep0Bo   0x000400       data     extern C:\Users\roman\Documents\pictest\bootloaders\USB HID bootloader and application template package\microchip_solutions_v2013-06-15\USB\Device - Bootloaders\HID\Firmware - PIC18 Non-J\Firmware - PIC18 Non-J\usbmmap.c
                    ep1Bi   0x00040c       data     extern C:\Users\roman\Documents\pictest\bootloaders\USB HID bootloader and application template package\microchip_solutions_v2013-06-15\USB\Device - Bootloaders\HID\Firmware - PIC18 Non-J\Firmware - PIC18 Non-J\usbmmap.c
                    ep1Bo   0x000408       data     extern C:\Users\roman\Documents\pictest\bootloaders\USB HID bootloader and application template package\microchip_solutions_v2013-06-15\USB\Device - Bootloaders\HID\Firmware - PIC18 Non-J\Firmware - PIC18 Non-J\usbmmap.c
            hid_report_in   0x000460       data     extern C:\Users\roman\Documents\pictest\bootloaders\USB HID bootloader and application template package\microchip_solutions_v2013-06-15\USB\Device - Bootloaders\HID\Firmware - PIC18 Non-J\Firmware - PIC18 Non-J\usbmmap.c
           hid_report_out   0x000420       data     extern C:\Users\roman\Documents\pictest\bootloaders\USB HID bootloader and application template package\microchip_solutions_v2013-06-15\USB\Device - Bootloaders\HID\Firmware - PIC18 Non-J\Firmware - PIC18 Non-J\usbmmap.c
           hid_rpt_rx_len   0x0000f7       data     extern C:\Users\roman\Documents\pictest\bootloaders\USB HID bootloader and application template package\microchip_solutions_v2013-06-15\USB\Device - Bootloaders\HID\Firmware - PIC18 Non-J\Firmware - PIC18 Non-J\hid.c
                        i   0x0000f3       data     static C:\Users\roman\Documents\pictest\bootloaders\USB HID bootloader and application template package\microchip_solutions_v2013-06-15\USB\Device - Bootloaders\HID\Firmware - PIC18 Non-J\Firmware - PIC18 Non-J\BootPIC18NonJ.c
                        i   0x0000f2       data     static C:\Users\roman\Documents\pictest\bootloaders\USB HID bootloader and application template package\microchip_solutions_v2013-06-15\USB\Device - Bootloaders\HID\Firmware - PIC18 Non-J\Firmware - PIC18 Non-J\BootPIC18NonJ.c
                        i   0x0000ef       data     static C:\Users\roman\Documents\pictest\bootloaders\USB HID bootloader and application template package\microchip_solutions_v2013-06-15\USB\Device - Bootloaders\HID\Firmware - PIC18 Non-J\Firmware - PIC18 Non-J\BootPIC18NonJ.c
                        i   0x0000fb       data     static C:\Users\roman\Documents\pictest\bootloaders\USB HID bootloader and application template package\microchip_solutions_v2013-06-15\USB\Device - Bootloaders\HID\Firmware - PIC18 Non-J\Firmware - PIC18 Non-J\hid.c
                        i   0x0000ee       data     static C:\Users\roman\Documents\pictest\bootloaders\USB HID bootloader and application template package\microchip_solutions_v2013-06-15\USB\Device - Bootloaders\HID\Firmware - PIC18 Non-J\Firmware - PIC18 Non-J\BootPIC18NonJ.c
                        i   0x0003aa       data     static C:\Users\roman\Documents\pictest\bootloaders\USB HID bootloader and application template package\microchip_solutions_v2013-06-15\USB\Device - Bootloaders\HID\Firmware - PIC18 Non-J\Firmware - PIC18 Non-J\usbctrltrf.c
                        i   0x0000ed       data     static C:\Users\roman\Documents\pictest\bootloaders\USB HID bootloader and application template package\microchip_solutions_v2013-06-15\USB\Device - Bootloaders\HID\Firmware - PIC18 Non-J\Firmware - PIC18 Non-J\BootPIC18NonJ.c
                idle_rate   0x0000f5       data     extern C:\Users\roman\Documents\pictest\bootloaders\USB HID bootloader and application template package\microchip_solutions_v2013-06-15\USB\Device - Bootloaders\HID\Firmware - PIC18 Non-J\Firmware - PIC18 Non-J\hid.c
                led_count   0x0003ba       data     static C:\Users\roman\Documents\pictest\bootloaders\USB HID bootloader and application template package\microchip_solutions_v2013-06-15\USB\Device - Bootloaders\HID\Firmware - PIC18 Non-J\Firmware - PIC18 Non-J\main.c
                      len   0x0000fe       data     static C:\Users\roman\Documents\pictest\bootloaders\USB HID bootloader and application template package\microchip_solutions_v2013-06-15\USB\Device - Bootloaders\HID\Firmware - PIC18 Non-J\Firmware - PIC18 Non-J\hid.c
                      len   0x0000fa       data     static C:\Users\roman\Documents\pictest\bootloaders\USB HID bootloader and application template package\microchip_solutions_v2013-06-15\USB\Device - Bootloaders\HID\Firmware - PIC18 Non-J\Firmware - PIC18 Non-J\hid.c
                     pDst   0x0003a4       data     extern C:\Users\roman\Documents\pictest\bootloaders\USB HID bootloader and application template package\microchip_solutions_v2013-06-15\USB\Device - Bootloaders\HID\Firmware - PIC18 Non-J\Firmware - PIC18 Non-J\usbctrltrf.c
[...]
                TRISCbits   0x000f94       data     extern E:\3.46\pic18-lt\cxx-framework\src\traditional\proc\p18f4550.asm
                     DDRD   0x000f95       data     extern E:\3.46\pic18-lt\cxx-framework\src\traditional\proc\p18f4550.asm
                 DDRDbits   0x000f95       data     extern E:\3.46\pic18-lt\cxx-framework\src\traditional\proc\p18f4550.asm
                TRISDbits   0x000f95       data     extern E:\3.46\pic18-lt\cxx-framework\src\traditional\proc\p18f4550.asm
                    TRISD   0x000f95       data     extern E:\3.46\pic18-lt\cxx-framework\src\traditional\proc\p18f4550.asm
                     DDRE   0x000f96       data     extern E:\3.46\pic18-lt\cxx-framework\src\traditional\proc\p18f4550.asm
                TRISEbits   0x000f96       data     extern E:\3.46\pic18-lt\cxx-framework\src\traditional\proc\p18f4550.asm
                 DDREbits   0x000f96       data     extern E:\3.46\pic18-lt\cxx-framework\src\traditional\proc\p18f4550.asm
                    TRISE   0x000f96       data     extern E:\3.46\pic18-lt\cxx-framework\src\traditional\proc\p18f4550.asm
                  OSCTUNE   0x000f9b       data     extern E:\3.46\pic18-lt\cxx-framework\src\traditional\proc\p18f4550.asm
              OSCTUNEbits   0x000f9b       data     extern E:\3.46\pic18-lt\cxx-framework\src\traditional\proc\p18f4550.asm
                     PIE1   0x000f9d       data     extern E:\3.46\pic18-lt\cxx-framework\src\traditional\proc\p18f4550.asm
                 PIE1bits   0x000f9d       data     extern E:\3.46\pic18-lt\cxx-framework\src\traditional\proc\p18f4550.asm
                     PIR1   0x000f9e       data     extern E:\3.46\pic18-lt\cxx-framework\src\traditional\proc\p18f4550.asm
                 PIR1bits   0x000f9e       data     extern E:\3.46\pic18-lt\cxx-framework\src\traditional\proc\p18f4550.asm
                     IPR1   0x000f9f       data     extern E:\3.46\pic18-lt\cxx-framework\src\traditional\proc\p18f4550.asm
                 IPR1bits   0x000f9f       data     extern E:\3.46\pic18-lt\cxx-framework\src\traditional\proc\p18f4550.asm
                     PIE2   0x000fa0       data     extern E:\3.46\pic18-lt\cxx-framework\src\traditional\proc\p18f4550.asm
                 PIE2bits   0x000fa0       data     extern E:\3.46\pic18-lt\cxx-framework\src\traditional\proc\p18f4550.asm
                     PIR2   0x000fa1       data     extern E:\3.46\pic18-lt\cxx-framework\src\traditional\proc\p18f4550.asm
                 PIR2bits   0x000fa1       data     extern E:\3.46\pic18-lt\cxx-framework\src\traditional\proc\p18f4550.asm
                     IPR2   0x000fa2       data     extern E:\3.46\pic18-lt\cxx-framework\src\traditional\proc\p18f4550.asm
                 IPR2bits   0x000fa2       data     extern E:\3.46\pic18-lt\cxx-framework\src\traditional\proc\p18f4550.asm
                   EECON1   0x000fa6       data     extern E:\3.46\pic18-lt\cxx-framework\src\traditional\proc\p18f4550.asm
               EECON1bits   0x000fa6       data     extern E:\3.46\pic18-lt\cxx-framework\src\traditional\proc\p18f4550.asm
                   EECON2   0x000fa7       data     extern E:\3.46\pic18-lt\cxx-framework\src\traditional\proc\p18f4550.asm
                   EEDATA   0x000fa8       data     extern E:\3.46\pic18-lt\cxx-framework\src\traditional\proc\p18f4550.asm
                    EEADR   0x000fa9       data     extern E:\3.46\pic18-lt\cxx-framework\src\traditional\proc\p18f4550.asm
                RCSTAbits   0x000fab       data     extern E:\3.46\pic18-lt\cxx-framework\src\traditional\proc\p18f4550.asm
                    RCSTA   0x000fab       data     extern E:\3.46\pic18-lt\cxx-framework\src\traditional\proc\p18f4550.asm
                TXSTAbits   0x000fac       data     extern E:\3.46\pic18-lt\cxx-framework\src\traditional\proc\p18f4550.asm
                    TXSTA   0x000fac       data     extern E:\3.46\pic18-lt\cxx-framework\src\traditional\proc\p18f4550.asm
                    TXREG   0x000fad       data     extern E:\3.46\pic18-lt\cxx-framework\src\traditional\proc\p18f4550.asm
                    RCREG   0x000fae       data     extern E:\3.46\pic18-lt\cxx-framework\src\traditional\proc\p18f4550.asm
                    SPBRG   0x000faf       data     extern E:\3.46\pic18-lt\cxx-framework\src\traditional\proc\p18f4550.asm
                   SPBRGH   0x000fb0       data     extern E:\3.46\pic18-lt\cxx-framework\src\traditional\proc\p18f4550.asm
                    T3CON   0x000fb1       data     extern E:\3.46\pic18-lt\cxx-framework\src\traditional\proc\p18f4550.asm
                T3CONbits   0x000fb1       data     extern E:\3.46\pic18-lt\cxx-framework\src\traditional\proc\p18f4550.asm
                    TMR3L   0x000fb2       data     extern E:\3.46\pic18-lt\cxx-framework\src\traditional\proc\p18f4550.asm
                    TMR3H   0x000fb3       data     extern E:\3.46\pic18-lt\cxx-framework\src\traditional\proc\p18f4550.asm
                CMCONbits   0x000fb4       data     extern E:\3.46\pic18-lt\cxx-framework\src\traditional\proc\p18f4550.asm
                    CMCON   0x000fb4       data     extern E:\3.46\pic18-lt\cxx-framework\src\traditional\proc\p18f4550.asm
               CVRCONbits   0x000fb5       data     extern E:\3.46\pic18-lt\cxx-framework\src\traditional\proc\p18f4550.asm
                   CVRCON   0x000fb5       data     extern E:\3.46\pic18-lt\cxx-framework\src\traditional\proc\p18f4550.asm
              ECCP1ASbits   0x000fb6       data     extern E:\3.46\pic18-lt\cxx-framework\src\traditional\proc\p18f4550.asm
                  ECCP1AS   0x000fb6       data     extern E:\3.46\pic18-lt\cxx-framework\src\traditional\proc\p18f4550.asm
               CCP1ASbits   0x000fb6       data     extern E:\3.46\pic18-lt\cxx-framework\src\traditional\proc\p18f4550.asm
                   CCP1AS   0x000fb6       data     extern E:\3.46\pic18-lt\cxx-framework\src\traditional\proc\p18f4550.asm
              CCP1DELbits   0x000fb7       data     extern E:\3.46\pic18-lt\cxx-framework\src\traditional\proc\p18f4550.asm
                  CCP1DEL   0x000fb7       data     extern E:\3.46\pic18-lt\cxx-framework\src\traditional\proc\p18f4550.asm
             ECCP1DELbits   0x000fb7       data     extern E:\3.46\pic18-lt\cxx-framework\src\traditional\proc\p18f4550.asm
                 ECCP1DEL   0x000fb7       data     extern E:\3.46\pic18-lt\cxx-framework\src\traditional\proc\p18f4550.asm
                  BAUDCON   0x000fb8       data     extern E:\3.46\pic18-lt\cxx-framework\src\traditional\proc\p18f4550.asm
              BAUDCONbits   0x000fb8       data     extern E:\3.46\pic18-lt\cxx-framework\src\traditional\proc\p18f4550.asm
                  BAUDCTL   0x000fb8       data     extern E:\3.46\pic18-lt\cxx-framework\src\traditional\proc\p18f4550.asm
              BAUDCTLbits   0x000fb8       data     extern E:\3.46\pic18-lt\cxx-framework\src\traditional\proc\p18f4550.asm
                  CCP2CON   0x000fba       data     extern E:\3.46\pic18-lt\cxx-framework\src\traditional\proc\p18f4550.asm
              CCP2CONbits   0x000fba       data     extern E:\3.46\pic18-lt\cxx-framework\src\traditional\proc\p18f4550.asm
                    CCPR2   0x000fbb       data     extern E:\3.46\pic18-lt\cxx-framework\src\traditional\proc\p18f4550.asm
                   CCPR2L   0x000fbb       data     extern E:\3.46\pic18-lt\cxx-framework\src\traditional\proc\p18f4550.asm
                   CCPR2H   0x000fbc       data     extern E:\3.46\pic18-lt\cxx-framework\src\traditional\proc\p18f4550.asm
             ECCP1CONbits   0x000fbd       data     extern E:\3.46\pic18-lt\cxx-framework\src\traditional\proc\p18f4550.asm
                 ECCP1CON   0x000fbd       data     extern E:\3.46\pic18-lt\cxx-framework\src\traditional\proc\p18f4550.asm
                  CCP1CON   0x000fbd       data     extern E:\3.46\pic18-lt\cxx-framework\src\traditional\proc\p18f4550.asm
              CCP1CONbits   0x000fbd       data     extern E:\3.46\pic18-lt\cxx-framework\src\traditional\proc\p18f4550.asm
                   CCPR1L   0x000fbe       data     extern E:\3.46\pic18-lt\cxx-framework\src\traditional\proc\p18f4550.asm
                    CCPR1   0x000fbe       data     extern E:\3.46\pic18-lt\cxx-framework\src\traditional\proc\p18f4550.asm
                   CCPR1H   0x000fbf       data     extern E:\3.46\pic18-lt\cxx-framework\src\traditional\proc\p18f4550.asm
                   ADCON2   0x000fc0       data     extern E:\3.46\pic18-lt\cxx-framework\src\traditional\proc\p18f4550.asm
               ADCON2bits   0x000fc0       data     extern E:\3.46\pic18-lt\cxx-framework\src\traditional\proc\p18f4550.asm
                   ADCON1   0x000fc1       data     extern E:\3.46\pic18-lt\cxx-framework\src\traditional\proc\p18f4550.asm
               ADCON1bits   0x000fc1       data     extern E:\3.46\pic18-lt\cxx-framework\src\traditional\proc\p18f4550.asm
                   ADCON0   0x000fc2       data     extern E:\3.46\pic18-lt\cxx-framework\src\traditional\proc\p18f4550.asm
               ADCON0bits   0x000fc2       data     extern E:\3.46\pic18-lt\cxx-framework\src\traditional\proc\p18f4550.asm
                    ADRES   0x000fc3       data     extern E:\3.46\pic18-lt\cxx-framework\src\traditional\proc\p18f4550.asm
                   ADRESL   0x000fc3       data     extern E:\3.46\pic18-lt\cxx-framework\src\traditional\proc\p18f4550.asm
                   ADRESH   0x000fc4       data     extern E:\3.46\pic18-lt\cxx-framework\src\traditional\proc\p18f4550.asm
                  SSPCON2   0x000fc5       data     extern E:\3.46\pic18-lt\cxx-framework\src\traditional\proc\p18f4550.asm
              SSPCON2bits   0x000fc5       data     extern E:\3.46\pic18-lt\cxx-framework\src\traditional\proc\p18f4550.asm
                  SSPCON1   0x000fc6       data     extern E:\3.46\pic18-lt\cxx-framework\src\traditional\proc\p18f4550.asm
              SSPCON1bits   0x000fc6       data     extern E:\3.46\pic18-lt\cxx-framework\src\traditional\proc\p18f4550.asm
                  SSPSTAT   0x000fc7       data     extern E:\3.46\pic18-lt\cxx-framework\src\traditional\proc\p18f4550.asm
              SSPSTATbits   0x000fc7       data     extern E:\3.46\pic18-lt\cxx-framework\src\traditional\proc\p18f4550.asm
                   SSPADD   0x000fc8       data     extern E:\3.46\pic18-lt\cxx-framework\src\traditional\proc\p18f4550.asm
                   SSPBUF   0x000fc9       data     extern E:\3.46\pic18-lt\cxx-framework\src\traditional\proc\p18f4550.asm
                T2CONbits   0x000fca       data     extern E:\3.46\pic18-lt\cxx-framework\src\traditional\proc\p18f4550.asm
                    T2CON   0x000fca       data     extern E:\3.46\pic18-lt\cxx-framework\src\traditional\proc\p18f4550.asm
                      PR2   0x000fcb       data     extern E:\3.46\pic18-lt\cxx-framework\src\traditional\proc\p18f4550.asm
                     TMR2   0x000fcc       data     extern E:\3.46\pic18-lt\cxx-framework\src\traditional\proc\p18f4550.asm
                T1CONbits   0x000fcd       data     extern E:\3.46\pic18-lt\cxx-framework\src\traditional\proc\p18f4550.asm
                    T1CON   0x000fcd       data     extern E:\3.46\pic18-lt\cxx-framework\src\traditional\proc\p18f4550.asm
                    TMR1L   0x000fce       data     extern E:\3.46\pic18-lt\cxx-framework\src\traditional\proc\p18f4550.asm
                    TMR1H   0x000fcf       data     extern E:\3.46\pic18-lt\cxx-framework\src\traditional\proc\p18f4550.asm
                     RCON   0x000fd0       data     extern E:\3.46\pic18-lt\cxx-framework\src\traditional\proc\p18f4550.asm
                 RCONbits   0x000fd0       data     extern E:\3.46\pic18-lt\cxx-framework\src\traditional\proc\p18f4550.asm
                   WDTCON   0x000fd1       data     extern E:\3.46\pic18-lt\cxx-framework\src\traditional\proc\p18f4550.asm
               WDTCONbits   0x000fd1       data     extern E:\3.46\pic18-lt\cxx-framework\src\traditional\proc\p18f4550.asm
               LVDCONbits   0x000fd2       data     extern E:\3.46\pic18-lt\cxx-framework\src\traditional\proc\p18f4550.asm
                   LVDCON   0x000fd2       data     extern E:\3.46\pic18-lt\cxx-framework\src\traditional\proc\p18f4550.asm
              HLVDCONbits   0x000fd2       data     extern E:\3.46\pic18-lt\cxx-framework\src\traditional\proc\p18f4550.asm
                  HLVDCON   0x000fd2       data     extern E:\3.46\pic18-lt\cxx-framework\src\traditional\proc\p18f4550.asm
               OSCCONbits   0x000fd3       data     extern E:\3.46\pic18-lt\cxx-framework\src\traditional\proc\p18f4550.asm
                   OSCCON   0x000fd3       data     extern E:\3.46\pic18-lt\cxx-framework\src\traditional\proc\p18f4550.asm
                T0CONbits   0x000fd5       data     extern E:\3.46\pic18-lt\cxx-framework\src\traditional\proc\p18f4550.asm
                    T0CON   0x000fd5       data     extern E:\3.46\pic18-lt\cxx-framework\src\traditional\proc\p18f4550.asm
                    TMR0L   0x000fd6       data     extern E:\3.46\pic18-lt\cxx-framework\src\traditional\proc\p18f4550.asm
                    TMR0H   0x000fd7       data     extern E:\3.46\pic18-lt\cxx-framework\src\traditional\proc\p18f4550.asm
                   STATUS   0x000fd8       data     extern E:\3.46\pic18-lt\cxx-framework\src\traditional\proc\p18f4550.asm
               STATUSbits   0x000fd8       data     extern E:\3.46\pic18-lt\cxx-framework\src\traditional\proc\p18f4550.asm
                    FSR2L   0x000fd9       data     extern E:\3.46\pic18-lt\cxx-framework\src\traditional\proc\p18f4550.asm
                     FSR2   0x000fd9       data     extern E:\3.46\pic18-lt\cxx-framework\src\traditional\proc\p18f4550.asm
                    FSR2H   0x000fda       data     extern E:\3.46\pic18-lt\cxx-framework\src\traditional\proc\p18f4550.asm
                   PLUSW2   0x000fdb       data     extern E:\3.46\pic18-lt\cxx-framework\src\traditional\proc\p18f4550.asm
                  PREINC2   0x000fdc       data     extern E:\3.46\pic18-lt\cxx-framework\src\traditional\proc\p18f4550.asm
                 POSTDEC2   0x000fdd       data     extern E:\3.46\pic18-lt\cxx-framework\src\traditional\proc\p18f4550.asm
                 POSTINC2   0x000fde       data     extern E:\3.46\pic18-lt\cxx-framework\src\traditional\proc\p18f4550.asm
                    INDF2   0x000fdf       data     extern E:\3.46\pic18-lt\cxx-framework\src\traditional\proc\p18f4550.asm
                      BSR   0x000fe0       data     extern E:\3.46\pic18-lt\cxx-framework\src\traditional\proc\p18f4550.asm
                    FSR1L   0x000fe1       data     extern E:\3.46\pic18-lt\cxx-framework\src\traditional\proc\p18f4550.asm
                     FSR1   0x000fe1       data     extern E:\3.46\pic18-lt\cxx-framework\src\traditional\proc\p18f4550.asm
                    FSR1H   0x000fe2       data     extern E:\3.46\pic18-lt\cxx-framework\src\traditional\proc\p18f4550.asm
                   PLUSW1   0x000fe3       data     extern E:\3.46\pic18-lt\cxx-framework\src\traditional\proc\p18f4550.asm
                  PREINC1   0x000fe4       data     extern E:\3.46\pic18-lt\cxx-framework\src\traditional\proc\p18f4550.asm
                 POSTDEC1   0x000fe5       data     extern E:\3.46\pic18-lt\cxx-framework\src\traditional\proc\p18f4550.asm
                 POSTINC1   0x000fe6       data     extern E:\3.46\pic18-lt\cxx-framework\src\traditional\proc\p18f4550.asm
                    INDF1   0x000fe7       data     extern E:\3.46\pic18-lt\cxx-framework\src\traditional\proc\p18f4550.asm
                     WREG   0x000fe8       data     extern E:\3.46\pic18-lt\cxx-framework\src\traditional\proc\p18f4550.asm
                     FSR0   0x000fe9       data     extern E:\3.46\pic18-lt\cxx-framework\src\traditional\proc\p18f4550.asm
                    FSR0L   0x000fe9       data     extern E:\3.46\pic18-lt\cxx-framework\src\traditional\proc\p18f4550.asm
                    FSR0H   0x000fea       data     extern E:\3.46\pic18-lt\cxx-framework\src\traditional\proc\p18f4550.asm
                   PLUSW0   0x000feb       data     extern E:\3.46\pic18-lt\cxx-framework\src\traditional\proc\p18f4550.asm
                  PREINC0   0x000fec       data     extern E:\3.46\pic18-lt\cxx-framework\src\traditional\proc\p18f4550.asm
                 POSTDEC0   0x000fed       data     extern E:\3.46\pic18-lt\cxx-framework\src\traditional\proc\p18f4550.asm
                 POSTINC0   0x000fee       data     extern E:\3.46\pic18-lt\cxx-framework\src\traditional\proc\p18f4550.asm
                    INDF0   0x000fef       data     extern E:\3.46\pic18-lt\cxx-framework\src\traditional\proc\p18f4550.asm
              INTCON3bits   0x000ff0       data     extern E:\3.46\pic18-lt\cxx-framework\src\traditional\proc\p18f4550.asm
                  INTCON3   0x000ff0       data     extern E:\3.46\pic18-lt\cxx-framework\src\traditional\proc\p18f4550.asm
              INTCON2bits   0x000ff1       data     extern E:\3.46\pic18-lt\cxx-framework\src\traditional\proc\p18f4550.asm
                  INTCON2   0x000ff1       data     extern E:\3.46\pic18-lt\cxx-framework\src\traditional\proc\p18f4550.asm
               INTCONbits   0x000ff2       data     extern E:\3.46\pic18-lt\cxx-framework\src\traditional\proc\p18f4550.asm
                   INTCON   0x000ff2       data     extern E:\3.46\pic18-lt\cxx-framework\src\traditional\proc\p18f4550.asm
                     PROD   0x000ff3       data     extern E:\3.46\pic18-lt\cxx-framework\src\traditional\proc\p18f4550.asm
                    PRODL   0x000ff3       data     extern E:\3.46\pic18-lt\cxx-framework\src\traditional\proc\p18f4550.asm
                    PRODH   0x000ff4       data     extern E:\3.46\pic18-lt\cxx-framework\src\traditional\proc\p18f4550.asm
                   TABLAT   0x000ff5       data     extern E:\3.46\pic18-lt\cxx-framework\src\traditional\proc\p18f4550.asm
                   TBLPTR   0x000ff6       data     extern E:\3.46\pic18-lt\cxx-framework\src\traditional\proc\p18f4550.asm
                  TBLPTRL   0x000ff6       data     extern E:\3.46\pic18-lt\cxx-framework\src\traditional\proc\p18f4550.asm
                  TBLPTRH   0x000ff7       data     extern E:\3.46\pic18-lt\cxx-framework\src\traditional\proc\p18f4550.asm
                  TBLPTRU   0x000ff8       data     extern E:\3.46\pic18-lt\cxx-framework\src\traditional\proc\p18f4550.asm
                      PCL   0x000ff9       data     extern E:\3.46\pic18-lt\cxx-framework\src\traditional\proc\p18f4550.asm
                       PC   0x000ff9       data     extern E:\3.46\pic18-lt\cxx-framework\src\traditional\proc\p18f4550.asm
                   PCLATH   0x000ffa       data     extern E:\3.46\pic18-lt\cxx-framework\src\traditional\proc\p18f4550.asm
                   PCLATU   0x000ffb       data     extern E:\3.46\pic18-lt\cxx-framework\src\traditional\proc\p18f4550.asm
                   STKPTR   0x000ffc       data     extern E:\3.46\pic18-lt\cxx-framework\src\traditional\proc\p18f4550.asm
               STKPTRbits   0x000ffc       data     extern E:\3.46\pic18-lt\cxx-framework\src\traditional\proc\p18f4550.asm
                      TOS   0x000ffd       data     extern E:\3.46\pic18-lt\cxx-framework\src\traditional\proc\p18f4550.asm
                     TOSL   0x000ffd       data     extern E:\3.46\pic18-lt\cxx-framework\src\traditional\proc\p18f4550.asm
                     TOSH   0x000ffe       data     extern E:\3.46\pic18-lt\cxx-framework\src\traditional\proc\p18f4550.asm
                     TOSU   0x000fff       data     extern E:\3.46\pic18-lt\cxx-framework\src\traditional\proc\p18f4550.asm


