HI-TECH Software C Compiler 

Linker command line:

--edf=D:\electronic\HI-TECH Software\PICC-18\PRO\9.63\dat\en_msgs.txt \
  --emax=10 -cs -h+er_hitech.sym -z -Q18F4550 -ol.obj -Mer_hitech.map -E1 \
  -ACODE=0800h-07FFFh -ACONST=00h-07FFFh -ASMALLCONST=0400h-04FFhx124 \
  -AMEDIUMCONST=0400h-07FFFh -ARAM=00h-0FFhx4 -ABIGRAM=00h-03FFh \
  -ACOMRAM=00h-05Fh -AABS1=00h-03FFh -ABANK0=00h-0FFh -ABANK1=0100h-01FFh \
  -ABANK2=0200h-02FFh -ABANK3=0300h-03FFh -ANVRAM=0300h-03FFh \
  -preset_vec=0800h,intcode,intcodelo,powerup,init,end_init -pramtop=0400h \
  -psmallconst=SMALLCONST -pmediumconst=MEDIUMCONST -pconst=CONST \
  -pparam0=BANK0 -AFARRAM=00h-00h -ACONFIG=0300000h-030000Dh \
  -pconfig=CONFIG -AIDLOC=0200000h-0200007h -pidloc=IDLOC \
  -AEEDATA=0F00000h-0F000FFh -peeprom_data=EEDATA \
  -prdata=COMRAM,nvrram=COMRAM,nvbit=COMRAM,rbss=COMRAM,rbit=COMRAM \
  -pfarbss=FARRAM,fardata=FARRAM \
  -pintsave_regs=BIGRAM,bigbss=BIGRAM,bigdata=BIGRAM -pbss=RAM \
  -pidata=CODE,irdata=CODE,ibigdata=CODE,ifardata=CODE startup.obj \
  er_hitech.obj 

Object code version is 3.10

Machine type is 18F4550

Call graph: (short form)

*_main size 0,0 offset 0
*    _Delay size 0,4 offset 0

Estimated maximum call depth: 1


                Name          Link     Load   Length Selector Space Scale
startup.obj     init           800      800       18     400     0
                end_init       818      818       12     400     0
er_hitech.obj   config      300000   300000        8  300000     0
                text1         7F6E     7F6E       92    3FB7     0
                text0         7F52     7F52       1C    3FA9     0

COMMON          param0          FC       FC        4      FC     1

TOTAL           Name          Link     Load   Length  Space
        CLASS   CODE           
                init           800      800       18     0
                end_init       818      818       12     0
                text1         7F6E     7F6E       92     0
                text0         7F52     7F52       1C     0

        CLASS   CONST          

        CLASS   SMALLCONST     

        CLASS   MEDIUMCONST    

        CLASS   RAM            

        CLASS   BIGRAM         

        CLASS   COMRAM         

        CLASS   ABS1           

        CLASS   BANK0          
                param0          FC       FC        4     1

        CLASS   BANK1          

        CLASS   BANK2          

        CLASS   BANK3          

        CLASS   NVRAM          

        CLASS   FARRAM         

        CLASS   CONFIG         
                config      300000   300000        8     0

        CLASS   IDLOC          

        CLASS   EEDATA         



SEGMENTS        Name           Load    Length   Top     Selector    Space Class

                param0          0000FC  000004  000100        FC       1  BANK0   
                reset_vec       000800  00002A  00082A       400       0  CODE    
                text0           007F52  00001C  007F6E      3FA9       0  CODE    
                text1           007F6E  000092  008000      3FB7       0  CODE    
                config          300000  000008  300008    300000       0  CONFIG  


UNUSED ADDRESS RANGES

        BANK0            000000-0000FB
        BANK1            000100-0001FF
        BANK2            000200-0002FF
        BANK3            000300-0003FF
        BIGRAM           000000-0000FB
                         000100-0003FF
        CODE             00082A-007F51
        COMRAM           000000-00005F
        CONFIG           300008-30000D
        CONST            000000-0007FF
                         00082A-007F51
        EEDATA           F00000-F000FF
        FARRAM           000000-000000
        IDLOC            200000-200007
        MEDIUMCONST      000400-0007FF
                         00082A-007F51
        NVRAM            000300-0003FF
        RAM              000000-0000FB
                         000100-0003FF
        SMALLCONST       000400-0007FF
                         00082A-007F51

                                  Symbol Table

??_Delay         param0       0000FC  ??_main          param0       0000FC
?_Delay          param0       0000FC  ?_main           param0       0000FC
Delay@i          param0       0000FC  Delay@j          param0       0000FE
_Delay           text1        007F6E  _PORTE           (abs)        000F84
_TRISE           (abs)        000F96  __HRAM           (abs)        000000
__Habsbss0       (abs)        000500  __Habsbss1       (abs)        000F7F
__Hbigbss        bigbss       000100  __Hbigdata       bigdata      000100
__Hbss           bss          000000  __Hclrtext       clrtext      00082A
__Hconfig        config       300008  __Hconst         const        00082A
__Hdata          data         00082A  __Heeprom_data   eeprom_data  F00000
__Hend_init      end_init     00082A  __Hfarbss        farbss       000000
__Hfardata       fardata      000000  __Hibigdata      ibigdata     00082A
__Hidata         idata        00082A  __Hidloc         idloc        200000
__Hifardata      ifardata     00082A  __Hinit          init         000818
__Hintcode       intcode      000800  __Hintcodelo     intcodelo    000800
__Hintentry      intentry     00082A  __Hintret        intret       00082A
__Hintsave_regs  intsave_regs 000100  __Hirdata        irdata       00082A
__Hmediumconst   mediumconst  00082A  __Hnvbit         nvbit        000000
__Hnvram         nvram        00082A  __Hnvrram        nvrram       000000
__Hparam         param0       000100  __Hparam0        param0       000100
__Hparam1        param1       00082A  __Hparam2        param2       00082A
__Hparam3        param3       00082A  __Hpowerup       powerup      000800
__Hramtop        ramtop       000400  __Hrbit          rbit         000000
__Hrbss          rbss         000000  __Hrdata         rdata        000000
__Hreset_vec     reset_vec    000800  __Hrparam        rparam       00082A
__Hsmallconst    smallconst   000400  __Hstruct        struct       000000
__Htemp          temp         000000  __Htext          text         00082A
__Htext0         text0        00082A  __Htext1         text1        00082A
__LRAM           (abs)        000001  __Labsbss0       (abs)        000400
__Labsbss1       (abs)        000F70  __Lbigbss        bigbss       000100
__Lbigdata       bigdata      000100  __Lbss           bss          000000
__Lclrtext       clrtext      00082A  __Lconfig        config       300000
__Lconst         const        00082A  __Ldata          (abs)        000000
__Leeprom_data   eeprom_data  F00000  __Lend_init      end_init     000818
__Lfarbss        farbss       000000  __Lfardata       fardata      000000
__Libigdata      ibigdata     00082A  __Lidata         idata        00082A
__Lidloc         idloc        200000  __Lifardata      ifardata     00082A
__Linit          init         000800  __Lintcode       intcode      000800
__Lintcodelo     intcodelo    000800  __Lintentry      intentry     00082A
__Lintret        intret       00082A  __Lintsave_regs  intsave_regs 000100
__Lirdata        irdata       00082A  __Lmediumconst   mediumconst  00082A
__Lnvbit         nvbit        000000  __Lnvram         nvram        00082A
__Lnvrram        nvrram       000000  __Lparam         param0       0000FC
__Lparam0        param0       0000FC  __Lparam1        param1       00082A
__Lparam2        param2       00082A  __Lparam3        param3       00082A
__Lpowerup       powerup      000800  __Lramtop        ramtop       000400
__Lrbit          rbit         000000  __Lrbss          rbss         000000
__Lrdata         rdata        000000  __Lreset_vec     reset_vec    000800
__Lrparam        rparam       00082A  __Lsmallconst    smallconst   000400
__Lstruct        struct       000000  __Ltemp          temp         000000
__Ltext          text         00082A  __Ltext0         text0        00082A
__Ltext1         text1        00082A  __S0             (abs)        F00000
__S1             (abs)        000300  __USB_DESCRIPTOR (abs)        000400
__USB_ENDPOINT   (abs)        000F70  __accesstop      (abs)        000060
__activetblptr   (abs)        000000  __end_of_Delay   text1        008000
__end_of_main    text0        007F6E  __mediumconst    mediumconst  00082A
__ramtop         ramtop       000400  __smallconst     smallconst   000400
_exit            init         000800  _main            text0        007F52
config_word1     config       300000  config_word2     config       300002
config_word4     config       300006  intlevel0        text         00082A
intlevel1        text         00082A  intlevel2        text         00082A
intlevel3        text         00082A  start            init         000800
